	.text
	.syntax unified
	.eabi_attribute	67, "2.09"	@ Tag_conformance
	.cpu	cortex-m0
	.eabi_attribute	6, 12	@ Tag_CPU_arch
	.eabi_attribute	7, 77	@ Tag_CPU_arch_profile
	.eabi_attribute	8, 0	@ Tag_ARM_ISA_use
	.eabi_attribute	9, 1	@ Tag_THUMB_ISA_use
	.eabi_attribute	34, 0	@ Tag_CPU_unaligned_access
	.eabi_attribute	17, 1	@ Tag_ABI_PCS_GOT_use
	.eabi_attribute	20, 2	@ Tag_ABI_FP_denormal
	.eabi_attribute	21, 0	@ Tag_ABI_FP_exceptions
	.eabi_attribute	23, 1	@ Tag_ABI_FP_number_model
	.eabi_attribute	24, 1	@ Tag_ABI_align_needed
	.eabi_attribute	25, 1	@ Tag_ABI_align_preserved
	.eabi_attribute	38, 1	@ Tag_ABI_FP_16bit_format
	.eabi_attribute	18, 2	@ Tag_ABI_PCS_wchar_t
	.eabi_attribute	26, 1	@ Tag_ABI_enum_size
	.eabi_attribute	14, 0	@ Tag_ABI_PCS_R9_use
	.file	"system_M031Series.c"
	.file	1 "C:\\Users\\mgokce\\AppData\\Local\\Keil_v5\\ARM\\ARMCLANG\\bin\\..\\include" "stdint.h"
	.file	2 "C:\\Nuvoton_ws\\M032GK_GPIO_LED_1\\Keil" "../../M031BSP/Library/Device/Nuvoton/M031/Source/system_M031Series.c"
	.file	3 "C:\\Nuvoton_ws\\M032GK_GPIO_LED_1\\Keil" "../../M031BSP/Library/Device/Nuvoton/M031/Include\\clk_reg.h"
	.file	4 "C:\\Nuvoton_ws\\M032GK_GPIO_LED_1\\Keil" "../../M031BSP/Library/Device/Nuvoton/M031/Include\\sys_reg.h"
	.section	.text.SystemCoreClockUpdate,"ax",%progbits
	.hidden	SystemCoreClockUpdate           @ -- Begin function SystemCoreClockUpdate
	.globl	SystemCoreClockUpdate
	.p2align	2
	.type	SystemCoreClockUpdate,%function
	.code	16                              @ @SystemCoreClockUpdate
	.thumb_func
SystemCoreClockUpdate:
.Lfunc_begin0:
	.loc	2 43 0                          @ ../../M031BSP/Library/Device/Nuvoton/M031/Source/system_M031Series.c:43:0
	.fnstart
	.cfi_sections .debug_frame
	.cfi_startproc
@ %bb.0:
	.save	{r4, r5, r7, lr}
	push	{r4, r5, r7, lr}
	.cfi_def_cfa_offset 16
	.cfi_offset lr, -4
	.cfi_offset r7, -8
	.cfi_offset r5, -12
	.cfi_offset r4, -16
	ldr	r4, __arm_cp.0_0
.Ltmp0:
	.loc	2 47 22 prologue_end            @ ../../M031BSP/Library/Device/Nuvoton/M031/Source/system_M031Series.c:47:22
	ldr	r0, [r4]
	movs	r5, #7
	.loc	2 47 30 is_stmt 0               @ ../../M031BSP/Library/Device/Nuvoton/M031/Source/system_M031Series.c:47:30
	ands	r5, r0
.Ltmp1:
	@DEBUG_VALUE: CLK_GetPLLClockFreq:u32PllFreq <- 0
	@DEBUG_VALUE: SystemCoreClockUpdate:u32ClkSrc <- $r5
	.file	5 "C:\\Nuvoton_ws\\M032GK_GPIO_LED_1\\Keil" "../../M031BSP/Library/StdDriver/inc\\clk.h"
	.loc	5 469 19 is_stmt 1              @ ../../M031BSP/Library/StdDriver/inc\clk.h:469:19
	ldr	r1, [r4, #48]
.Ltmp2:
	@DEBUG_VALUE: CLK_GetPLLClockFreq:u32Reg <- $r1
	.loc	5 0 19 is_stmt 0                @ ../../M031BSP/Library/StdDriver/inc\clk.h:0:19
	movs	r0, #5
	lsls	r0, r0, #16
	.loc	5 471 9 is_stmt 1               @ ../../M031BSP/Library/StdDriver/inc\clk.h:471:9
	tst	r1, r0
	beq	.LBB0_2
.Ltmp3:
@ %bb.1:
	@DEBUG_VALUE: CLK_GetPLLClockFreq:u32Reg <- $r1
	@DEBUG_VALUE: SystemCoreClockUpdate:u32ClkSrc <- $r5
	@DEBUG_VALUE: CLK_GetPLLClockFreq:u32PllFreq <- 0
	.loc	5 0 9 is_stmt 0                 @ ../../M031BSP/Library/StdDriver/inc\clk.h:0:9
	movs	r0, #0
	b	.LBB0_6
.Ltmp4:
.LBB0_2:
	@DEBUG_VALUE: CLK_GetPLLClockFreq:u32Reg <- $r1
	@DEBUG_VALUE: SystemCoreClockUpdate:u32ClkSrc <- $r5
	@DEBUG_VALUE: CLK_GetPLLClockFreq:u32PllFreq <- 0
	lsls	r0, r1, #12
	bpl	.LBB0_4
.Ltmp5:
@ %bb.3:
	@DEBUG_VALUE: CLK_GetPLLClockFreq:u32Reg <- $r1
	@DEBUG_VALUE: SystemCoreClockUpdate:u32ClkSrc <- $r5
	@DEBUG_VALUE: CLK_GetPLLClockFreq:u32PllFreq <- 0
	ldr	r0, __arm_cp.0_2
.Ltmp6:
	@DEBUG_VALUE: CLK_GetPLLClockFreq:u32FIN <- $r0
	.loc	5 480 13 is_stmt 1              @ ../../M031BSP/Library/StdDriver/inc\clk.h:480:13
	lsls	r2, r1, #14
	bpl	.LBB0_5
	b	.LBB0_6
.Ltmp7:
.LBB0_4:
	@DEBUG_VALUE: CLK_GetPLLClockFreq:u32Reg <- $r1
	@DEBUG_VALUE: SystemCoreClockUpdate:u32ClkSrc <- $r5
	@DEBUG_VALUE: CLK_GetPLLClockFreq:u32PllFreq <- 0
	.loc	5 0 13 is_stmt 0                @ ../../M031BSP/Library/StdDriver/inc\clk.h:0:13
	ldr	r0, __arm_cp.0_1
.Ltmp8:
	@DEBUG_VALUE: CLK_GetPLLClockFreq:u32FIN <- $r0
	.loc	5 480 13                        @ ../../M031BSP/Library/StdDriver/inc\clk.h:480:13
	lsls	r2, r1, #14
	bmi	.LBB0_6
.Ltmp9:
.LBB0_5:
	@DEBUG_VALUE: CLK_GetPLLClockFreq:u32FIN <- $r0
	@DEBUG_VALUE: CLK_GetPLLClockFreq:u32Reg <- $r1
	@DEBUG_VALUE: SystemCoreClockUpdate:u32ClkSrc <- $r5
	@DEBUG_VALUE: CLK_GetPLLClockFreq:u32PllFreq <- 0
	.loc	5 0 13                          @ ../../M031BSP/Library/StdDriver/inc\clk.h:0:13
	ldr	r2, __arm_cp.0_3
.Ltmp10:
	@DEBUG_VALUE: CLK_GetPLLClockFreq:u32NO <- undef
	.loc	5 489 31 is_stmt 1              @ ../../M031BSP/Library/StdDriver/inc\clk.h:489:31
	ands	r2, r1
	.loc	5 489 80 is_stmt 0              @ ../../M031BSP/Library/StdDriver/inc\clk.h:489:80
	adds	r2, r2, #2
.Ltmp11:
	@DEBUG_VALUE: CLK_GetPLLClockFreq:u32NF <- $r2
	.loc	5 492 36 is_stmt 1              @ ../../M031BSP/Library/StdDriver/inc\clk.h:492:36
	lsrs	r0, r0, #2
.Ltmp12:
	.loc	5 492 42 is_stmt 0              @ ../../M031BSP/Library/StdDriver/inc\clk.h:492:42
	muls	r0, r2, r0
	.loc	5 488 64 is_stmt 1              @ ../../M031BSP/Library/StdDriver/inc\clk.h:488:64
	lsls	r2, r1, #16
.Ltmp13:
	lsrs	r2, r2, #30
	.loc	5 488 21 is_stmt 0              @ ../../M031BSP/Library/StdDriver/inc\clk.h:488:21
	adr	r3, .LCPI0_4
	ldrb	r2, [r3, r2]
	.loc	5 490 55 is_stmt 1              @ ../../M031BSP/Library/StdDriver/inc\clk.h:490:55
	lsls	r1, r1, #18
.Ltmp14:
	lsrs	r1, r1, #27
	.loc	5 490 80 is_stmt 0              @ ../../M031BSP/Library/StdDriver/inc\clk.h:490:80
	adds	r1, r1, #2
.Ltmp15:
	@DEBUG_VALUE: CLK_GetPLLClockFreq:u32NR <- $r1
	.loc	5 492 60 is_stmt 1              @ ../../M031BSP/Library/StdDriver/inc\clk.h:492:60
	muls	r1, r2, r1
.Ltmp16:
	.loc	5 492 51 is_stmt 0              @ ../../M031BSP/Library/StdDriver/inc\clk.h:492:51
	bl	__aeabi_uidiv
.Ltmp17:
	.loc	5 492 69                        @ ../../M031BSP/Library/StdDriver/inc\clk.h:492:69
	lsls	r0, r0, #2
.Ltmp18:
	@DEBUG_VALUE: CLK_GetPLLClockFreq:u32PllFreq <- $r0
.LBB0_6:
	@DEBUG_VALUE: SystemCoreClockUpdate:u32ClkSrc <- $r5
	.loc	2 50 14 is_stmt 1               @ ../../M031BSP/Library/Device/Nuvoton/M031/Source/system_M031Series.c:50:14
	ldr	r1, __arm_cp.0_5
	str	r0, [r1]
	.loc	2 52 8                          @ ../../M031BSP/Library/Device/Nuvoton/M031/Source/system_M031Series.c:52:8
	cmp	r5, #2
	beq	.LBB0_8
.Ltmp19:
@ %bb.7:
	@DEBUG_VALUE: SystemCoreClockUpdate:u32ClkSrc <- $r5
	.loc	2 55 19                         @ ../../M031BSP/Library/Device/Nuvoton/M031/Source/system_M031Series.c:55:19
	lsls	r0, r5, #2
	ldr	r1, __arm_cp.0_6
	ldr	r0, [r1, r0]
.Ltmp20:
	@DEBUG_VALUE: SystemCoreClockUpdate:u32Freq <- $r0
.LBB0_8:
	@DEBUG_VALUE: SystemCoreClockUpdate:u32ClkSrc <- $r5
	@DEBUG_VALUE: SystemCoreClockUpdate:u32Freq <- $r0
	.loc	2 63 24                         @ ../../M031BSP/Library/Device/Nuvoton/M031/Source/system_M031Series.c:63:24
	ldr	r1, [r4, #16]
	movs	r2, #15
	.loc	2 63 32 is_stmt 0               @ ../../M031BSP/Library/Device/Nuvoton/M031/Source/system_M031Series.c:63:32
	ands	r2, r1
	.loc	2 63 59                         @ ../../M031BSP/Library/Device/Nuvoton/M031/Source/system_M031Series.c:63:59
	adds	r1, r2, #1
.Ltmp21:
	@DEBUG_VALUE: SystemCoreClockUpdate:u32HclkDiv <- $r1
	.loc	2 66 31 is_stmt 1               @ ../../M031BSP/Library/Device/Nuvoton/M031/Source/system_M031Series.c:66:31
	bl	__aeabi_uidiv
.Ltmp22:
	.loc	2 66 21 is_stmt 0               @ ../../M031BSP/Library/Device/Nuvoton/M031/Source/system_M031Series.c:66:21
	ldr	r1, __arm_cp.0_7
	str	r0, [r1]
	ldr	r1, __arm_cp.0_8
	.loc	2 68 36 is_stmt 1               @ ../../M031BSP/Library/Device/Nuvoton/M031/Source/system_M031Series.c:68:36
	adds	r0, r0, r1
	ldr	r1, __arm_cp.0_9
	.loc	2 68 46 is_stmt 0               @ ../../M031BSP/Library/Device/Nuvoton/M031/Source/system_M031Series.c:68:46
	bl	__aeabi_uidiv
.Ltmp23:
	.loc	2 68 17                         @ ../../M031BSP/Library/Device/Nuvoton/M031/Source/system_M031Series.c:68:17
	ldr	r1, __arm_cp.0_10
	str	r0, [r1]
	.loc	2 69 1 epilogue_begin is_stmt 1 @ ../../M031BSP/Library/Device/Nuvoton/M031/Source/system_M031Series.c:69:1
	pop	{r4, r5, r7, pc}
.Ltmp24:
	.p2align	2
@ %bb.9:
	.loc	2 0 1 is_stmt 0                 @ ../../M031BSP/Library/Device/Nuvoton/M031/Source/system_M031Series.c:0:1
__arm_cp.0_0:
	.long	1073742352                      @ 0x40000210
.Lcpi_end0:
	.size	__arm_cp.0_0, .Lcpi_end0-__arm_cp.0_0
__arm_cp.0_1:
	.long	32000000                        @ 0x1e84800
.Lcpi_end1:
	.size	__arm_cp.0_1, .Lcpi_end1-__arm_cp.0_1
__arm_cp.0_2:
	.long	12000000                        @ 0xb71b00
.Lcpi_end2:
	.size	__arm_cp.0_2, .Lcpi_end2-__arm_cp.0_2
__arm_cp.0_3:
	.long	511                             @ 0x1ff
.Lcpi_end3:
	.size	__arm_cp.0_3, .Lcpi_end3-__arm_cp.0_3
.LCPI0_4:
.L__const.CLK_GetPLLClockFreq.au8NoTbl:
	.ascii	"\001\002\002\004"
__arm_cp.0_5:
	.long	PllClock
.Lcpi_end4:
	.size	__arm_cp.0_5, .Lcpi_end4-__arm_cp.0_5
__arm_cp.0_6:
	.long	gau32ClkSrcTbl
.Lcpi_end5:
	.size	__arm_cp.0_6, .Lcpi_end5-__arm_cp.0_6
__arm_cp.0_7:
	.long	SystemCoreClock
.Lcpi_end6:
	.size	__arm_cp.0_7, .Lcpi_end6-__arm_cp.0_7
__arm_cp.0_8:
	.long	500000                          @ 0x7a120
.Lcpi_end7:
	.size	__arm_cp.0_8, .Lcpi_end7-__arm_cp.0_8
__arm_cp.0_9:
	.long	1000000                         @ 0xf4240
.Lcpi_end8:
	.size	__arm_cp.0_9, .Lcpi_end8-__arm_cp.0_9
__arm_cp.0_10:
	.long	CyclesPerUs
.Lcpi_end9:
	.size	__arm_cp.0_10, .Lcpi_end9-__arm_cp.0_10
.Lfunc_end0:
	.size	SystemCoreClockUpdate, .Lfunc_end0-SystemCoreClockUpdate
	.cfi_endproc
	.cantunwind
	.fnend
                                        @ -- End function
	.section	.text.SystemInit,"ax",%progbits
	.hidden	SystemInit                      @ -- Begin function SystemInit
	.globl	SystemInit
	.p2align	2
	.type	SystemInit,%function
	.code	16                              @ @SystemInit
	.thumb_func
SystemInit:
.Lfunc_begin1:
	.loc	2 82 0 is_stmt 1                @ ../../M031BSP/Library/Device/Nuvoton/M031/Source/system_M031Series.c:82:0
	.fnstart
	.cfi_startproc
@ %bb.0:
	.save	{r4, lr}
	push	{r4, lr}
	.cfi_def_cfa_offset 8
	.cfi_offset lr, -4
	.cfi_offset r4, -8
	ldr	r0, __arm_cp.1_0
.LBB1_1:                                @ =>This Inner Loop Header: Depth=1
	movs	r1, #89
.Ltmp25:
	.file	6 "C:\\Nuvoton_ws\\M032GK_GPIO_LED_1\\Keil" "../../M031BSP/Library/StdDriver/inc\\sys.h"
	.loc	6 1346 22 prologue_end          @ ../../M031BSP/Library/StdDriver/inc\sys.h:1346:22
	str	r1, [r0]
	movs	r2, #22
	.loc	6 1347 22                       @ ../../M031BSP/Library/StdDriver/inc\sys.h:1347:22
	str	r2, [r0]
	movs	r3, #136
	.loc	6 1348 22                       @ ../../M031BSP/Library/StdDriver/inc\sys.h:1348:22
	str	r3, [r0]
.Ltmp26:
	.loc	6 1349 19                       @ ../../M031BSP/Library/StdDriver/inc\sys.h:1349:19
	ldr	r4, [r0]
.Ltmp27:
	.loc	6 1349 5 is_stmt 0              @ ../../M031BSP/Library/StdDriver/inc\sys.h:1349:5
	cmp	r4, #0
	bne	.LBB1_5
@ %bb.2:                                @   in Loop: Header=BB1_1 Depth=1
	.loc	6 1346 22 is_stmt 1             @ ../../M031BSP/Library/StdDriver/inc\sys.h:1346:22
	str	r1, [r0]
	.loc	6 1347 22                       @ ../../M031BSP/Library/StdDriver/inc\sys.h:1347:22
	str	r2, [r0]
	.loc	6 1348 22                       @ ../../M031BSP/Library/StdDriver/inc\sys.h:1348:22
	str	r3, [r0]
.Ltmp28:
	.loc	6 1349 19                       @ ../../M031BSP/Library/StdDriver/inc\sys.h:1349:19
	ldr	r4, [r0]
.Ltmp29:
	.loc	6 1349 5 is_stmt 0              @ ../../M031BSP/Library/StdDriver/inc\sys.h:1349:5
	cmp	r4, #0
	bne	.LBB1_5
@ %bb.3:                                @   in Loop: Header=BB1_1 Depth=1
	.loc	6 1346 22 is_stmt 1             @ ../../M031BSP/Library/StdDriver/inc\sys.h:1346:22
	str	r1, [r0]
	.loc	6 1347 22                       @ ../../M031BSP/Library/StdDriver/inc\sys.h:1347:22
	str	r2, [r0]
	.loc	6 1348 22                       @ ../../M031BSP/Library/StdDriver/inc\sys.h:1348:22
	str	r3, [r0]
.Ltmp30:
	.loc	6 1349 19                       @ ../../M031BSP/Library/StdDriver/inc\sys.h:1349:19
	ldr	r4, [r0]
.Ltmp31:
	.loc	6 1349 5 is_stmt 0              @ ../../M031BSP/Library/StdDriver/inc\sys.h:1349:5
	cmp	r4, #0
	bne	.LBB1_5
@ %bb.4:                                @   in Loop: Header=BB1_1 Depth=1
	.loc	6 1346 22 is_stmt 1             @ ../../M031BSP/Library/StdDriver/inc\sys.h:1346:22
	str	r1, [r0]
	.loc	6 1347 22                       @ ../../M031BSP/Library/StdDriver/inc\sys.h:1347:22
	str	r2, [r0]
	.loc	6 1348 22                       @ ../../M031BSP/Library/StdDriver/inc\sys.h:1348:22
	str	r3, [r0]
.Ltmp32:
	.loc	6 1349 19                       @ ../../M031BSP/Library/StdDriver/inc\sys.h:1349:19
	ldr	r1, [r0]
.Ltmp33:
	.loc	6 1349 5 is_stmt 0              @ ../../M031BSP/Library/StdDriver/inc\sys.h:1349:5
	cmp	r1, #0
	beq	.LBB1_1
.Ltmp34:
.LBB1_5:
	.loc	6 0 5                           @ ../../M031BSP/Library/StdDriver/inc\sys.h:0:5
	movs	r1, #7
	lsls	r1, r1, #20
	ldr	r2, __arm_cp.1_1
	.loc	2 87 24 is_stmt 1               @ ../../M031BSP/Library/Device/Nuvoton/M031/Source/system_M031Series.c:87:24
	ldr	r3, [r2]
	.loc	2 87 31 is_stmt 0               @ ../../M031BSP/Library/Device/Nuvoton/M031/Source/system_M031Series.c:87:31
	bics	r3, r1
	.loc	2 87 17                         @ ../../M031BSP/Library/Device/Nuvoton/M031/Source/system_M031Series.c:87:17
	str	r3, [r2]
.Ltmp35:
	.loc	2 106 21 is_stmt 1              @ ../../M031BSP/Library/Device/Nuvoton/M031/Source/system_M031Series.c:106:21
	ldr	r3, [r2]
	orrs	r3, r1
	str	r3, [r2]
	movs	r1, #0
.Ltmp36:
	.loc	6 1362 18                       @ ../../M031BSP/Library/StdDriver/inc\sys.h:1362:18
	str	r1, [r0]
.Ltmp37:
	.loc	2 111 1 epilogue_begin          @ ../../M031BSP/Library/Device/Nuvoton/M031/Source/system_M031Series.c:111:1
	pop	{r4, pc}
.Ltmp38:
	.p2align	2
@ %bb.6:
	.loc	2 0 1 is_stmt 0                 @ ../../M031BSP/Library/Device/Nuvoton/M031/Source/system_M031Series.c:0:1
__arm_cp.1_0:
	.long	1073742080                      @ 0x40000100
.Lcpi_end10:
	.size	__arm_cp.1_0, .Lcpi_end10-__arm_cp.1_0
__arm_cp.1_1:
	.long	1073742336                      @ 0x40000200
.Lcpi_end11:
	.size	__arm_cp.1_1, .Lcpi_end11-__arm_cp.1_1
.Lfunc_end1:
	.size	SystemInit, .Lfunc_end1-SystemInit
	.cfi_endproc
	.cantunwind
	.fnend
                                        @ -- End function
	.hidden	SystemCoreClock                 @ @SystemCoreClock
	.type	SystemCoreClock,%object
	.section	.data.SystemCoreClock,"aw",%progbits
	.globl	SystemCoreClock
	.p2align	2, 0x0
SystemCoreClock:
	.long	96000000                        @ 0x5b8d800
	.size	SystemCoreClock, 4

	.hidden	CyclesPerUs                     @ @CyclesPerUs
	.type	CyclesPerUs,%object
	.section	.data.CyclesPerUs,"aw",%progbits
	.globl	CyclesPerUs
	.p2align	2, 0x0
CyclesPerUs:
	.long	96                              @ 0x60
	.size	CyclesPerUs, 4

	.hidden	PllClock                        @ @PllClock
	.type	PllClock,%object
	.section	.data.PllClock,"aw",%progbits
	.globl	PllClock
	.p2align	2, 0x0
PllClock:
	.long	96000000                        @ 0x5b8d800
	.size	PllClock, 4

	.hidden	gau32ClkSrcTbl                  @ @gau32ClkSrcTbl
	.type	gau32ClkSrcTbl,%object
	.section	.rodata.gau32ClkSrcTbl,"a",%progbits
	.globl	gau32ClkSrcTbl
	.p2align	2, 0x0
gau32ClkSrcTbl:
	.long	32000000                        @ 0x1e84800
	.long	32768                           @ 0x8000
	.long	96000000                        @ 0x5b8d800
	.long	38400                           @ 0x9600
	.long	48000000                        @ 0x2dc6c00
	.long	0                               @ 0x0
	.long	0                               @ 0x0
	.long	48000000                        @ 0x2dc6c00
	.size	gau32ClkSrcTbl, 32

	.section	.debug_loc,"",%progbits
.Ldebug_loc0:
	.long	-1
	.long	.Lfunc_begin0                   @   base address
	.long	.Ltmp1-.Lfunc_begin0
	.long	.Ltmp24-.Lfunc_begin0
	.short	1                               @ Loc expr size
	.byte	85                              @ DW_OP_reg5
	.long	0
	.long	0
.Ldebug_loc1:
	.long	-1
	.long	.Lfunc_begin0                   @   base address
	.long	.Ltmp2-.Lfunc_begin0
	.long	.Ltmp14-.Lfunc_begin0
	.short	1                               @ Loc expr size
	.byte	81                              @ DW_OP_reg1
	.long	0
	.long	0
.Ldebug_loc2:
	.long	-1
	.long	.Lfunc_begin0                   @   base address
	.long	.Ltmp6-.Lfunc_begin0
	.long	.Ltmp7-.Lfunc_begin0
	.short	1                               @ Loc expr size
	.byte	80                              @ DW_OP_reg0
	.long	.Ltmp8-.Lfunc_begin0
	.long	.Ltmp12-.Lfunc_begin0
	.short	1                               @ Loc expr size
	.byte	80                              @ DW_OP_reg0
	.long	0
	.long	0
.Ldebug_loc3:
	.long	-1
	.long	.Lfunc_begin0                   @   base address
	.long	.Ltmp11-.Lfunc_begin0
	.long	.Ltmp13-.Lfunc_begin0
	.short	1                               @ Loc expr size
	.byte	82                              @ DW_OP_reg2
	.long	0
	.long	0
.Ldebug_loc4:
	.long	-1
	.long	.Lfunc_begin0                   @   base address
	.long	.Ltmp15-.Lfunc_begin0
	.long	.Ltmp16-.Lfunc_begin0
	.short	1                               @ Loc expr size
	.byte	81                              @ DW_OP_reg1
	.long	0
	.long	0
.Ldebug_loc5:
	.long	-1
	.long	.Lfunc_begin0                   @   base address
	.long	.Ltmp20-.Lfunc_begin0
	.long	.Ltmp22-.Lfunc_begin0
	.short	1                               @ Loc expr size
	.byte	80                              @ DW_OP_reg0
	.long	0
	.long	0
.Ldebug_loc6:
	.long	-1
	.long	.Lfunc_begin0                   @   base address
	.long	.Ltmp21-.Lfunc_begin0
	.long	.Ltmp22-.Lfunc_begin0
	.short	1                               @ Loc expr size
	.byte	81                              @ DW_OP_reg1
	.long	0
	.long	0
	.section	.debug_abbrev,"",%progbits
	.byte	1                               @ Abbreviation Code
	.byte	17                              @ DW_TAG_compile_unit
	.byte	1                               @ DW_CHILDREN_yes
	.byte	37                              @ DW_AT_producer
	.byte	14                              @ DW_FORM_strp
	.byte	19                              @ DW_AT_language
	.byte	5                               @ DW_FORM_data2
	.byte	3                               @ DW_AT_name
	.byte	14                              @ DW_FORM_strp
	.byte	16                              @ DW_AT_stmt_list
	.byte	23                              @ DW_FORM_sec_offset
	.byte	27                              @ DW_AT_comp_dir
	.byte	14                              @ DW_FORM_strp
	.byte	17                              @ DW_AT_low_pc
	.byte	1                               @ DW_FORM_addr
	.byte	85                              @ DW_AT_ranges
	.byte	23                              @ DW_FORM_sec_offset
	.byte	0                               @ EOM(1)
	.byte	0                               @ EOM(2)
	.byte	2                               @ Abbreviation Code
	.byte	52                              @ DW_TAG_variable
	.byte	0                               @ DW_CHILDREN_no
	.byte	3                               @ DW_AT_name
	.byte	14                              @ DW_FORM_strp
	.byte	73                              @ DW_AT_type
	.byte	19                              @ DW_FORM_ref4
	.byte	63                              @ DW_AT_external
	.byte	25                              @ DW_FORM_flag_present
	.byte	58                              @ DW_AT_decl_file
	.byte	11                              @ DW_FORM_data1
	.byte	59                              @ DW_AT_decl_line
	.byte	11                              @ DW_FORM_data1
	.byte	2                               @ DW_AT_location
	.byte	24                              @ DW_FORM_exprloc
	.byte	0                               @ EOM(1)
	.byte	0                               @ EOM(2)
	.byte	3                               @ Abbreviation Code
	.byte	22                              @ DW_TAG_typedef
	.byte	0                               @ DW_CHILDREN_no
	.byte	73                              @ DW_AT_type
	.byte	19                              @ DW_FORM_ref4
	.byte	3                               @ DW_AT_name
	.byte	14                              @ DW_FORM_strp
	.byte	58                              @ DW_AT_decl_file
	.byte	11                              @ DW_FORM_data1
	.byte	59                              @ DW_AT_decl_line
	.byte	11                              @ DW_FORM_data1
	.byte	0                               @ EOM(1)
	.byte	0                               @ EOM(2)
	.byte	4                               @ Abbreviation Code
	.byte	36                              @ DW_TAG_base_type
	.byte	0                               @ DW_CHILDREN_no
	.byte	3                               @ DW_AT_name
	.byte	14                              @ DW_FORM_strp
	.byte	62                              @ DW_AT_encoding
	.byte	11                              @ DW_FORM_data1
	.byte	11                              @ DW_AT_byte_size
	.byte	11                              @ DW_FORM_data1
	.byte	0                               @ EOM(1)
	.byte	0                               @ EOM(2)
	.byte	5                               @ Abbreviation Code
	.byte	1                               @ DW_TAG_array_type
	.byte	1                               @ DW_CHILDREN_yes
	.byte	73                              @ DW_AT_type
	.byte	19                              @ DW_FORM_ref4
	.byte	0                               @ EOM(1)
	.byte	0                               @ EOM(2)
	.byte	6                               @ Abbreviation Code
	.byte	33                              @ DW_TAG_subrange_type
	.byte	0                               @ DW_CHILDREN_no
	.byte	73                              @ DW_AT_type
	.byte	19                              @ DW_FORM_ref4
	.byte	55                              @ DW_AT_count
	.byte	11                              @ DW_FORM_data1
	.byte	0                               @ EOM(1)
	.byte	0                               @ EOM(2)
	.byte	7                               @ Abbreviation Code
	.byte	38                              @ DW_TAG_const_type
	.byte	0                               @ DW_CHILDREN_no
	.byte	73                              @ DW_AT_type
	.byte	19                              @ DW_FORM_ref4
	.byte	0                               @ EOM(1)
	.byte	0                               @ EOM(2)
	.byte	8                               @ Abbreviation Code
	.byte	36                              @ DW_TAG_base_type
	.byte	0                               @ DW_CHILDREN_no
	.byte	3                               @ DW_AT_name
	.byte	14                              @ DW_FORM_strp
	.byte	11                              @ DW_AT_byte_size
	.byte	11                              @ DW_FORM_data1
	.byte	62                              @ DW_AT_encoding
	.byte	11                              @ DW_FORM_data1
	.byte	0                               @ EOM(1)
	.byte	0                               @ EOM(2)
	.byte	9                               @ Abbreviation Code
	.byte	15                              @ DW_TAG_pointer_type
	.byte	0                               @ DW_CHILDREN_no
	.byte	73                              @ DW_AT_type
	.byte	19                              @ DW_FORM_ref4
	.byte	0                               @ EOM(1)
	.byte	0                               @ EOM(2)
	.byte	10                              @ Abbreviation Code
	.byte	22                              @ DW_TAG_typedef
	.byte	0                               @ DW_CHILDREN_no
	.byte	73                              @ DW_AT_type
	.byte	19                              @ DW_FORM_ref4
	.byte	3                               @ DW_AT_name
	.byte	14                              @ DW_FORM_strp
	.byte	58                              @ DW_AT_decl_file
	.byte	11                              @ DW_FORM_data1
	.byte	59                              @ DW_AT_decl_line
	.byte	5                               @ DW_FORM_data2
	.byte	0                               @ EOM(1)
	.byte	0                               @ EOM(2)
	.byte	11                              @ Abbreviation Code
	.byte	19                              @ DW_TAG_structure_type
	.byte	1                               @ DW_CHILDREN_yes
	.byte	11                              @ DW_AT_byte_size
	.byte	11                              @ DW_FORM_data1
	.byte	58                              @ DW_AT_decl_file
	.byte	11                              @ DW_FORM_data1
	.byte	59                              @ DW_AT_decl_line
	.byte	11                              @ DW_FORM_data1
	.byte	0                               @ EOM(1)
	.byte	0                               @ EOM(2)
	.byte	12                              @ Abbreviation Code
	.byte	13                              @ DW_TAG_member
	.byte	0                               @ DW_CHILDREN_no
	.byte	3                               @ DW_AT_name
	.byte	14                              @ DW_FORM_strp
	.byte	73                              @ DW_AT_type
	.byte	19                              @ DW_FORM_ref4
	.byte	58                              @ DW_AT_decl_file
	.byte	11                              @ DW_FORM_data1
	.byte	59                              @ DW_AT_decl_line
	.byte	5                               @ DW_FORM_data2
	.byte	56                              @ DW_AT_data_member_location
	.byte	11                              @ DW_FORM_data1
	.byte	0                               @ EOM(1)
	.byte	0                               @ EOM(2)
	.byte	13                              @ Abbreviation Code
	.byte	53                              @ DW_TAG_volatile_type
	.byte	0                               @ DW_CHILDREN_no
	.byte	73                              @ DW_AT_type
	.byte	19                              @ DW_FORM_ref4
	.byte	0                               @ EOM(1)
	.byte	0                               @ EOM(2)
	.byte	14                              @ Abbreviation Code
	.byte	19                              @ DW_TAG_structure_type
	.byte	1                               @ DW_CHILDREN_yes
	.byte	11                              @ DW_AT_byte_size
	.byte	5                               @ DW_FORM_data2
	.byte	58                              @ DW_AT_decl_file
	.byte	11                              @ DW_FORM_data1
	.byte	59                              @ DW_AT_decl_line
	.byte	11                              @ DW_FORM_data1
	.byte	0                               @ EOM(1)
	.byte	0                               @ EOM(2)
	.byte	15                              @ Abbreviation Code
	.byte	13                              @ DW_TAG_member
	.byte	0                               @ DW_CHILDREN_no
	.byte	3                               @ DW_AT_name
	.byte	14                              @ DW_FORM_strp
	.byte	73                              @ DW_AT_type
	.byte	19                              @ DW_FORM_ref4
	.byte	58                              @ DW_AT_decl_file
	.byte	11                              @ DW_FORM_data1
	.byte	59                              @ DW_AT_decl_line
	.byte	5                               @ DW_FORM_data2
	.byte	56                              @ DW_AT_data_member_location
	.byte	5                               @ DW_FORM_data2
	.byte	0                               @ EOM(1)
	.byte	0                               @ EOM(2)
	.byte	16                              @ Abbreviation Code
	.byte	46                              @ DW_TAG_subprogram
	.byte	1                               @ DW_CHILDREN_yes
	.byte	3                               @ DW_AT_name
	.byte	14                              @ DW_FORM_strp
	.byte	58                              @ DW_AT_decl_file
	.byte	11                              @ DW_FORM_data1
	.byte	59                              @ DW_AT_decl_line
	.byte	5                               @ DW_FORM_data2
	.byte	39                              @ DW_AT_prototyped
	.byte	25                              @ DW_FORM_flag_present
	.byte	73                              @ DW_AT_type
	.byte	19                              @ DW_FORM_ref4
	.byte	32                              @ DW_AT_inline
	.byte	11                              @ DW_FORM_data1
	.byte	0                               @ EOM(1)
	.byte	0                               @ EOM(2)
	.byte	17                              @ Abbreviation Code
	.byte	52                              @ DW_TAG_variable
	.byte	0                               @ DW_CHILDREN_no
	.byte	3                               @ DW_AT_name
	.byte	14                              @ DW_FORM_strp
	.byte	58                              @ DW_AT_decl_file
	.byte	11                              @ DW_FORM_data1
	.byte	59                              @ DW_AT_decl_line
	.byte	5                               @ DW_FORM_data2
	.byte	73                              @ DW_AT_type
	.byte	19                              @ DW_FORM_ref4
	.byte	0                               @ EOM(1)
	.byte	0                               @ EOM(2)
	.byte	18                              @ Abbreviation Code
	.byte	46                              @ DW_TAG_subprogram
	.byte	1                               @ DW_CHILDREN_yes
	.byte	17                              @ DW_AT_low_pc
	.byte	1                               @ DW_FORM_addr
	.byte	18                              @ DW_AT_high_pc
	.byte	6                               @ DW_FORM_data4
	.byte	64                              @ DW_AT_frame_base
	.byte	24                              @ DW_FORM_exprloc
	.ascii	"\227B"                         @ DW_AT_GNU_all_call_sites
	.byte	25                              @ DW_FORM_flag_present
	.byte	3                               @ DW_AT_name
	.byte	14                              @ DW_FORM_strp
	.byte	58                              @ DW_AT_decl_file
	.byte	11                              @ DW_FORM_data1
	.byte	59                              @ DW_AT_decl_line
	.byte	11                              @ DW_FORM_data1
	.byte	39                              @ DW_AT_prototyped
	.byte	25                              @ DW_FORM_flag_present
	.byte	63                              @ DW_AT_external
	.byte	25                              @ DW_FORM_flag_present
	.byte	0                               @ EOM(1)
	.byte	0                               @ EOM(2)
	.byte	19                              @ Abbreviation Code
	.byte	52                              @ DW_TAG_variable
	.byte	0                               @ DW_CHILDREN_no
	.byte	2                               @ DW_AT_location
	.byte	23                              @ DW_FORM_sec_offset
	.byte	3                               @ DW_AT_name
	.byte	14                              @ DW_FORM_strp
	.byte	58                              @ DW_AT_decl_file
	.byte	11                              @ DW_FORM_data1
	.byte	59                              @ DW_AT_decl_line
	.byte	11                              @ DW_FORM_data1
	.byte	73                              @ DW_AT_type
	.byte	19                              @ DW_FORM_ref4
	.byte	0                               @ EOM(1)
	.byte	0                               @ EOM(2)
	.byte	20                              @ Abbreviation Code
	.byte	29                              @ DW_TAG_inlined_subroutine
	.byte	1                               @ DW_CHILDREN_yes
	.byte	49                              @ DW_AT_abstract_origin
	.byte	19                              @ DW_FORM_ref4
	.byte	17                              @ DW_AT_low_pc
	.byte	1                               @ DW_FORM_addr
	.byte	18                              @ DW_AT_high_pc
	.byte	6                               @ DW_FORM_data4
	.byte	88                              @ DW_AT_call_file
	.byte	11                              @ DW_FORM_data1
	.byte	89                              @ DW_AT_call_line
	.byte	11                              @ DW_FORM_data1
	.byte	87                              @ DW_AT_call_column
	.byte	11                              @ DW_FORM_data1
	.byte	0                               @ EOM(1)
	.byte	0                               @ EOM(2)
	.byte	21                              @ Abbreviation Code
	.byte	52                              @ DW_TAG_variable
	.byte	0                               @ DW_CHILDREN_no
	.byte	28                              @ DW_AT_const_value
	.byte	15                              @ DW_FORM_udata
	.byte	49                              @ DW_AT_abstract_origin
	.byte	19                              @ DW_FORM_ref4
	.byte	0                               @ EOM(1)
	.byte	0                               @ EOM(2)
	.byte	22                              @ Abbreviation Code
	.byte	52                              @ DW_TAG_variable
	.byte	0                               @ DW_CHILDREN_no
	.byte	2                               @ DW_AT_location
	.byte	23                              @ DW_FORM_sec_offset
	.byte	49                              @ DW_AT_abstract_origin
	.byte	19                              @ DW_FORM_ref4
	.byte	0                               @ EOM(1)
	.byte	0                               @ EOM(2)
	.byte	23                              @ Abbreviation Code
	.byte	46                              @ DW_TAG_subprogram
	.byte	0                               @ DW_CHILDREN_no
	.byte	3                               @ DW_AT_name
	.byte	14                              @ DW_FORM_strp
	.byte	58                              @ DW_AT_decl_file
	.byte	11                              @ DW_FORM_data1
	.byte	59                              @ DW_AT_decl_line
	.byte	5                               @ DW_FORM_data2
	.byte	39                              @ DW_AT_prototyped
	.byte	25                              @ DW_FORM_flag_present
	.byte	32                              @ DW_AT_inline
	.byte	11                              @ DW_FORM_data1
	.byte	0                               @ EOM(1)
	.byte	0                               @ EOM(2)
	.byte	24                              @ Abbreviation Code
	.byte	29                              @ DW_TAG_inlined_subroutine
	.byte	0                               @ DW_CHILDREN_no
	.byte	49                              @ DW_AT_abstract_origin
	.byte	19                              @ DW_FORM_ref4
	.byte	17                              @ DW_AT_low_pc
	.byte	1                               @ DW_FORM_addr
	.byte	18                              @ DW_AT_high_pc
	.byte	6                               @ DW_FORM_data4
	.byte	88                              @ DW_AT_call_file
	.byte	11                              @ DW_FORM_data1
	.byte	89                              @ DW_AT_call_line
	.byte	11                              @ DW_FORM_data1
	.byte	87                              @ DW_AT_call_column
	.byte	11                              @ DW_FORM_data1
	.byte	0                               @ EOM(1)
	.byte	0                               @ EOM(2)
	.byte	0                               @ EOM(3)
	.section	.debug_info,"",%progbits
.Lcu_begin0:
	.long	.Ldebug_info_end0-.Ldebug_info_start0 @ Length of Unit
.Ldebug_info_start0:
	.short	4                               @ DWARF version number
	.long	.debug_abbrev                   @ Offset Into Abbrev. Section
	.byte	4                               @ Address Size (in bytes)
	.byte	1                               @ Abbrev [1] 0xb:0x71d DW_TAG_compile_unit
	.long	.Linfo_string0                  @ DW_AT_producer
	.short	12                              @ DW_AT_language
	.long	.Linfo_string1                  @ DW_AT_name
	.long	.Lline_table_start0             @ DW_AT_stmt_list
	.long	.Linfo_string2                  @ DW_AT_comp_dir
	.long	0                               @ DW_AT_low_pc
	.long	.Ldebug_ranges0                 @ DW_AT_ranges
	.byte	2                               @ Abbrev [2] 0x26:0x11 DW_TAG_variable
	.long	.Linfo_string3                  @ DW_AT_name
	.long	55                              @ DW_AT_type
                                        @ DW_AT_external
	.byte	2                               @ DW_AT_decl_file
	.byte	26                              @ DW_AT_decl_line
	.byte	5                               @ DW_AT_location
	.byte	3
	.long	SystemCoreClock
	.byte	3                               @ Abbrev [3] 0x37:0xb DW_TAG_typedef
	.long	66                              @ DW_AT_type
	.long	.Linfo_string5                  @ DW_AT_name
	.byte	1                               @ DW_AT_decl_file
	.byte	64                              @ DW_AT_decl_line
	.byte	4                               @ Abbrev [4] 0x42:0x7 DW_TAG_base_type
	.long	.Linfo_string4                  @ DW_AT_name
	.byte	7                               @ DW_AT_encoding
	.byte	4                               @ DW_AT_byte_size
	.byte	2                               @ Abbrev [2] 0x49:0x11 DW_TAG_variable
	.long	.Linfo_string6                  @ DW_AT_name
	.long	55                              @ DW_AT_type
                                        @ DW_AT_external
	.byte	2                               @ DW_AT_decl_file
	.byte	27                              @ DW_AT_decl_line
	.byte	5                               @ DW_AT_location
	.byte	3
	.long	CyclesPerUs
	.byte	2                               @ Abbrev [2] 0x5a:0x11 DW_TAG_variable
	.long	.Linfo_string7                  @ DW_AT_name
	.long	55                              @ DW_AT_type
                                        @ DW_AT_external
	.byte	2                               @ DW_AT_decl_file
	.byte	28                              @ DW_AT_decl_line
	.byte	5                               @ DW_AT_location
	.byte	3
	.long	PllClock
	.byte	2                               @ Abbrev [2] 0x6b:0x11 DW_TAG_variable
	.long	.Linfo_string8                  @ DW_AT_name
	.long	124                             @ DW_AT_type
                                        @ DW_AT_external
	.byte	2                               @ DW_AT_decl_file
	.byte	29                              @ DW_AT_decl_line
	.byte	5                               @ DW_AT_location
	.byte	3
	.long	gau32ClkSrcTbl
	.byte	5                               @ Abbrev [5] 0x7c:0xc DW_TAG_array_type
	.long	136                             @ DW_AT_type
	.byte	6                               @ Abbrev [6] 0x81:0x6 DW_TAG_subrange_type
	.long	141                             @ DW_AT_type
	.byte	8                               @ DW_AT_count
	.byte	0                               @ End Of Children Mark
	.byte	7                               @ Abbrev [7] 0x88:0x5 DW_TAG_const_type
	.long	55                              @ DW_AT_type
	.byte	8                               @ Abbrev [8] 0x8d:0x7 DW_TAG_base_type
	.long	.Linfo_string9                  @ DW_AT_name
	.byte	8                               @ DW_AT_byte_size
	.byte	7                               @ DW_AT_encoding
	.byte	9                               @ Abbrev [9] 0x94:0x5 DW_TAG_pointer_type
	.long	153                             @ DW_AT_type
	.byte	10                              @ Abbrev [10] 0x99:0xc DW_TAG_typedef
	.long	165                             @ DW_AT_type
	.long	.Linfo_string38                 @ DW_AT_name
	.byte	3                               @ DW_AT_decl_file
	.short	549                             @ DW_AT_decl_line
	.byte	11                              @ Abbrev [11] 0xa5:0x171 DW_TAG_structure_type
	.byte	244                             @ DW_AT_byte_size
	.byte	3                               @ DW_AT_decl_file
	.byte	26                              @ DW_AT_decl_line
	.byte	12                              @ Abbrev [12] 0xa9:0xd DW_TAG_member
	.long	.Linfo_string10                 @ DW_AT_name
	.long	534                             @ DW_AT_type
	.byte	3                               @ DW_AT_decl_file
	.short	520                             @ DW_AT_decl_line
	.byte	0                               @ DW_AT_data_member_location
	.byte	12                              @ Abbrev [12] 0xb6:0xd DW_TAG_member
	.long	.Linfo_string11                 @ DW_AT_name
	.long	534                             @ DW_AT_type
	.byte	3                               @ DW_AT_decl_file
	.short	521                             @ DW_AT_decl_line
	.byte	4                               @ DW_AT_data_member_location
	.byte	12                              @ Abbrev [12] 0xc3:0xd DW_TAG_member
	.long	.Linfo_string12                 @ DW_AT_name
	.long	534                             @ DW_AT_type
	.byte	3                               @ DW_AT_decl_file
	.short	522                             @ DW_AT_decl_line
	.byte	8                               @ DW_AT_data_member_location
	.byte	12                              @ Abbrev [12] 0xd0:0xd DW_TAG_member
	.long	.Linfo_string13                 @ DW_AT_name
	.long	534                             @ DW_AT_type
	.byte	3                               @ DW_AT_decl_file
	.short	523                             @ DW_AT_decl_line
	.byte	12                              @ DW_AT_data_member_location
	.byte	12                              @ Abbrev [12] 0xdd:0xd DW_TAG_member
	.long	.Linfo_string14                 @ DW_AT_name
	.long	534                             @ DW_AT_type
	.byte	3                               @ DW_AT_decl_file
	.short	524                             @ DW_AT_decl_line
	.byte	16                              @ DW_AT_data_member_location
	.byte	12                              @ Abbrev [12] 0xea:0xd DW_TAG_member
	.long	.Linfo_string15                 @ DW_AT_name
	.long	534                             @ DW_AT_type
	.byte	3                               @ DW_AT_decl_file
	.short	525                             @ DW_AT_decl_line
	.byte	20                              @ DW_AT_data_member_location
	.byte	12                              @ Abbrev [12] 0xf7:0xd DW_TAG_member
	.long	.Linfo_string16                 @ DW_AT_name
	.long	534                             @ DW_AT_type
	.byte	3                               @ DW_AT_decl_file
	.short	526                             @ DW_AT_decl_line
	.byte	24                              @ DW_AT_data_member_location
	.byte	12                              @ Abbrev [12] 0x104:0xd DW_TAG_member
	.long	.Linfo_string17                 @ DW_AT_name
	.long	534                             @ DW_AT_type
	.byte	3                               @ DW_AT_decl_file
	.short	527                             @ DW_AT_decl_line
	.byte	28                              @ DW_AT_data_member_location
	.byte	12                              @ Abbrev [12] 0x111:0xd DW_TAG_member
	.long	.Linfo_string18                 @ DW_AT_name
	.long	534                             @ DW_AT_type
	.byte	3                               @ DW_AT_decl_file
	.short	528                             @ DW_AT_decl_line
	.byte	32                              @ DW_AT_data_member_location
	.byte	12                              @ Abbrev [12] 0x11e:0xd DW_TAG_member
	.long	.Linfo_string19                 @ DW_AT_name
	.long	539                             @ DW_AT_type
	.byte	3                               @ DW_AT_decl_file
	.short	529                             @ DW_AT_decl_line
	.byte	36                              @ DW_AT_data_member_location
	.byte	12                              @ Abbrev [12] 0x12b:0xd DW_TAG_member
	.long	.Linfo_string20                 @ DW_AT_name
	.long	534                             @ DW_AT_type
	.byte	3                               @ DW_AT_decl_file
	.short	530                             @ DW_AT_decl_line
	.byte	48                              @ DW_AT_data_member_location
	.byte	12                              @ Abbrev [12] 0x138:0xd DW_TAG_member
	.long	.Linfo_string21                 @ DW_AT_name
	.long	534                             @ DW_AT_type
	.byte	3                               @ DW_AT_decl_file
	.short	531                             @ DW_AT_decl_line
	.byte	52                              @ DW_AT_data_member_location
	.byte	12                              @ Abbrev [12] 0x145:0xd DW_TAG_member
	.long	.Linfo_string22                 @ DW_AT_name
	.long	556                             @ DW_AT_type
	.byte	3                               @ DW_AT_decl_file
	.short	532                             @ DW_AT_decl_line
	.byte	56                              @ DW_AT_data_member_location
	.byte	12                              @ Abbrev [12] 0x152:0xd DW_TAG_member
	.long	.Linfo_string23                 @ DW_AT_name
	.long	534                             @ DW_AT_type
	.byte	3                               @ DW_AT_decl_file
	.short	533                             @ DW_AT_decl_line
	.byte	64                              @ DW_AT_data_member_location
	.byte	12                              @ Abbrev [12] 0x15f:0xd DW_TAG_member
	.long	.Linfo_string24                 @ DW_AT_name
	.long	539                             @ DW_AT_type
	.byte	3                               @ DW_AT_decl_file
	.short	534                             @ DW_AT_decl_line
	.byte	68                              @ DW_AT_data_member_location
	.byte	12                              @ Abbrev [12] 0x16c:0xd DW_TAG_member
	.long	.Linfo_string25                 @ DW_AT_name
	.long	551                             @ DW_AT_type
	.byte	3                               @ DW_AT_decl_file
	.short	535                             @ DW_AT_decl_line
	.byte	80                              @ DW_AT_data_member_location
	.byte	12                              @ Abbrev [12] 0x179:0xd DW_TAG_member
	.long	.Linfo_string26                 @ DW_AT_name
	.long	539                             @ DW_AT_type
	.byte	3                               @ DW_AT_decl_file
	.short	536                             @ DW_AT_decl_line
	.byte	84                              @ DW_AT_data_member_location
	.byte	12                              @ Abbrev [12] 0x186:0xd DW_TAG_member
	.long	.Linfo_string27                 @ DW_AT_name
	.long	534                             @ DW_AT_type
	.byte	3                               @ DW_AT_decl_file
	.short	537                             @ DW_AT_decl_line
	.byte	96                              @ DW_AT_data_member_location
	.byte	12                              @ Abbrev [12] 0x193:0xd DW_TAG_member
	.long	.Linfo_string28                 @ DW_AT_name
	.long	539                             @ DW_AT_type
	.byte	3                               @ DW_AT_decl_file
	.short	538                             @ DW_AT_decl_line
	.byte	100                             @ DW_AT_data_member_location
	.byte	12                              @ Abbrev [12] 0x1a0:0xd DW_TAG_member
	.long	.Linfo_string29                 @ DW_AT_name
	.long	534                             @ DW_AT_type
	.byte	3                               @ DW_AT_decl_file
	.short	539                             @ DW_AT_decl_line
	.byte	112                             @ DW_AT_data_member_location
	.byte	12                              @ Abbrev [12] 0x1ad:0xd DW_TAG_member
	.long	.Linfo_string30                 @ DW_AT_name
	.long	534                             @ DW_AT_type
	.byte	3                               @ DW_AT_decl_file
	.short	540                             @ DW_AT_decl_line
	.byte	116                             @ DW_AT_data_member_location
	.byte	12                              @ Abbrev [12] 0x1ba:0xd DW_TAG_member
	.long	.Linfo_string31                 @ DW_AT_name
	.long	534                             @ DW_AT_type
	.byte	3                               @ DW_AT_decl_file
	.short	541                             @ DW_AT_decl_line
	.byte	120                             @ DW_AT_data_member_location
	.byte	12                              @ Abbrev [12] 0x1c7:0xd DW_TAG_member
	.long	.Linfo_string32                 @ DW_AT_name
	.long	534                             @ DW_AT_type
	.byte	3                               @ DW_AT_decl_file
	.short	542                             @ DW_AT_decl_line
	.byte	124                             @ DW_AT_data_member_location
	.byte	12                              @ Abbrev [12] 0x1d4:0xd DW_TAG_member
	.long	.Linfo_string33                 @ DW_AT_name
	.long	534                             @ DW_AT_type
	.byte	3                               @ DW_AT_decl_file
	.short	543                             @ DW_AT_decl_line
	.byte	128                             @ DW_AT_data_member_location
	.byte	12                              @ Abbrev [12] 0x1e1:0xd DW_TAG_member
	.long	.Linfo_string34                 @ DW_AT_name
	.long	568                             @ DW_AT_type
	.byte	3                               @ DW_AT_decl_file
	.short	544                             @ DW_AT_decl_line
	.byte	132                             @ DW_AT_data_member_location
	.byte	12                              @ Abbrev [12] 0x1ee:0xd DW_TAG_member
	.long	.Linfo_string35                 @ DW_AT_name
	.long	534                             @ DW_AT_type
	.byte	3                               @ DW_AT_decl_file
	.short	545                             @ DW_AT_decl_line
	.byte	180                             @ DW_AT_data_member_location
	.byte	12                              @ Abbrev [12] 0x1fb:0xd DW_TAG_member
	.long	.Linfo_string36                 @ DW_AT_name
	.long	580                             @ DW_AT_type
	.byte	3                               @ DW_AT_decl_file
	.short	546                             @ DW_AT_decl_line
	.byte	184                             @ DW_AT_data_member_location
	.byte	12                              @ Abbrev [12] 0x208:0xd DW_TAG_member
	.long	.Linfo_string37                 @ DW_AT_name
	.long	534                             @ DW_AT_type
	.byte	3                               @ DW_AT_decl_file
	.short	547                             @ DW_AT_decl_line
	.byte	240                             @ DW_AT_data_member_location
	.byte	0                               @ End Of Children Mark
	.byte	13                              @ Abbrev [13] 0x216:0x5 DW_TAG_volatile_type
	.long	55                              @ DW_AT_type
	.byte	5                               @ Abbrev [5] 0x21b:0xc DW_TAG_array_type
	.long	551                             @ DW_AT_type
	.byte	6                               @ Abbrev [6] 0x220:0x6 DW_TAG_subrange_type
	.long	141                             @ DW_AT_type
	.byte	3                               @ DW_AT_count
	.byte	0                               @ End Of Children Mark
	.byte	7                               @ Abbrev [7] 0x227:0x5 DW_TAG_const_type
	.long	534                             @ DW_AT_type
	.byte	5                               @ Abbrev [5] 0x22c:0xc DW_TAG_array_type
	.long	551                             @ DW_AT_type
	.byte	6                               @ Abbrev [6] 0x231:0x6 DW_TAG_subrange_type
	.long	141                             @ DW_AT_type
	.byte	2                               @ DW_AT_count
	.byte	0                               @ End Of Children Mark
	.byte	5                               @ Abbrev [5] 0x238:0xc DW_TAG_array_type
	.long	551                             @ DW_AT_type
	.byte	6                               @ Abbrev [6] 0x23d:0x6 DW_TAG_subrange_type
	.long	141                             @ DW_AT_type
	.byte	12                              @ DW_AT_count
	.byte	0                               @ End Of Children Mark
	.byte	5                               @ Abbrev [5] 0x244:0xc DW_TAG_array_type
	.long	551                             @ DW_AT_type
	.byte	6                               @ Abbrev [6] 0x249:0x6 DW_TAG_subrange_type
	.long	141                             @ DW_AT_type
	.byte	14                              @ DW_AT_count
	.byte	0                               @ End Of Children Mark
	.byte	9                               @ Abbrev [9] 0x250:0x5 DW_TAG_pointer_type
	.long	597                             @ DW_AT_type
	.byte	10                              @ Abbrev [10] 0x255:0xc DW_TAG_typedef
	.long	609                             @ DW_AT_type
	.long	.Linfo_string94                 @ DW_AT_name
	.byte	4                               @ DW_AT_decl_file
	.short	641                             @ DW_AT_decl_line
	.byte	14                              @ Abbrev [14] 0x261:0x340 DW_TAG_structure_type
	.short	496                             @ DW_AT_byte_size
	.byte	4                               @ DW_AT_decl_file
	.byte	26                              @ DW_AT_decl_line
	.byte	12                              @ Abbrev [12] 0x266:0xd DW_TAG_member
	.long	.Linfo_string39                 @ DW_AT_name
	.long	551                             @ DW_AT_type
	.byte	4                               @ DW_AT_decl_file
	.short	579                             @ DW_AT_decl_line
	.byte	0                               @ DW_AT_data_member_location
	.byte	12                              @ Abbrev [12] 0x273:0xd DW_TAG_member
	.long	.Linfo_string40                 @ DW_AT_name
	.long	534                             @ DW_AT_type
	.byte	4                               @ DW_AT_decl_file
	.short	580                             @ DW_AT_decl_line
	.byte	4                               @ DW_AT_data_member_location
	.byte	12                              @ Abbrev [12] 0x280:0xd DW_TAG_member
	.long	.Linfo_string41                 @ DW_AT_name
	.long	534                             @ DW_AT_type
	.byte	4                               @ DW_AT_decl_file
	.short	581                             @ DW_AT_decl_line
	.byte	8                               @ DW_AT_data_member_location
	.byte	12                              @ Abbrev [12] 0x28d:0xd DW_TAG_member
	.long	.Linfo_string42                 @ DW_AT_name
	.long	534                             @ DW_AT_type
	.byte	4                               @ DW_AT_decl_file
	.short	582                             @ DW_AT_decl_line
	.byte	12                              @ DW_AT_data_member_location
	.byte	12                              @ Abbrev [12] 0x29a:0xd DW_TAG_member
	.long	.Linfo_string43                 @ DW_AT_name
	.long	534                             @ DW_AT_type
	.byte	4                               @ DW_AT_decl_file
	.short	583                             @ DW_AT_decl_line
	.byte	16                              @ DW_AT_data_member_location
	.byte	12                              @ Abbrev [12] 0x2a7:0xd DW_TAG_member
	.long	.Linfo_string19                 @ DW_AT_name
	.long	1441                            @ DW_AT_type
	.byte	4                               @ DW_AT_decl_file
	.short	584                             @ DW_AT_decl_line
	.byte	20                              @ DW_AT_data_member_location
	.byte	12                              @ Abbrev [12] 0x2b4:0xd DW_TAG_member
	.long	.Linfo_string44                 @ DW_AT_name
	.long	534                             @ DW_AT_type
	.byte	4                               @ DW_AT_decl_file
	.short	585                             @ DW_AT_decl_line
	.byte	24                              @ DW_AT_data_member_location
	.byte	12                              @ Abbrev [12] 0x2c1:0xd DW_TAG_member
	.long	.Linfo_string22                 @ DW_AT_name
	.long	556                             @ DW_AT_type
	.byte	4                               @ DW_AT_decl_file
	.short	586                             @ DW_AT_decl_line
	.byte	28                              @ DW_AT_data_member_location
	.byte	12                              @ Abbrev [12] 0x2ce:0xd DW_TAG_member
	.long	.Linfo_string45                 @ DW_AT_name
	.long	534                             @ DW_AT_type
	.byte	4                               @ DW_AT_decl_file
	.short	587                             @ DW_AT_decl_line
	.byte	36                              @ DW_AT_data_member_location
	.byte	12                              @ Abbrev [12] 0x2db:0xd DW_TAG_member
	.long	.Linfo_string24                 @ DW_AT_name
	.long	556                             @ DW_AT_type
	.byte	4                               @ DW_AT_decl_file
	.short	588                             @ DW_AT_decl_line
	.byte	40                              @ DW_AT_data_member_location
	.byte	12                              @ Abbrev [12] 0x2e8:0xd DW_TAG_member
	.long	.Linfo_string46                 @ DW_AT_name
	.long	534                             @ DW_AT_type
	.byte	4                               @ DW_AT_decl_file
	.short	589                             @ DW_AT_decl_line
	.byte	48                              @ DW_AT_data_member_location
	.byte	12                              @ Abbrev [12] 0x2f5:0xd DW_TAG_member
	.long	.Linfo_string47                 @ DW_AT_name
	.long	534                             @ DW_AT_type
	.byte	4                               @ DW_AT_decl_file
	.short	590                             @ DW_AT_decl_line
	.byte	52                              @ DW_AT_data_member_location
	.byte	12                              @ Abbrev [12] 0x302:0xd DW_TAG_member
	.long	.Linfo_string48                 @ DW_AT_name
	.long	534                             @ DW_AT_type
	.byte	4                               @ DW_AT_decl_file
	.short	591                             @ DW_AT_decl_line
	.byte	56                              @ DW_AT_data_member_location
	.byte	12                              @ Abbrev [12] 0x30f:0xd DW_TAG_member
	.long	.Linfo_string49                 @ DW_AT_name
	.long	534                             @ DW_AT_type
	.byte	4                               @ DW_AT_decl_file
	.short	592                             @ DW_AT_decl_line
	.byte	60                              @ DW_AT_data_member_location
	.byte	12                              @ Abbrev [12] 0x31c:0xd DW_TAG_member
	.long	.Linfo_string50                 @ DW_AT_name
	.long	534                             @ DW_AT_type
	.byte	4                               @ DW_AT_decl_file
	.short	593                             @ DW_AT_decl_line
	.byte	64                              @ DW_AT_data_member_location
	.byte	12                              @ Abbrev [12] 0x329:0xd DW_TAG_member
	.long	.Linfo_string51                 @ DW_AT_name
	.long	534                             @ DW_AT_type
	.byte	4                               @ DW_AT_decl_file
	.short	594                             @ DW_AT_decl_line
	.byte	68                              @ DW_AT_data_member_location
	.byte	12                              @ Abbrev [12] 0x336:0xd DW_TAG_member
	.long	.Linfo_string52                 @ DW_AT_name
	.long	534                             @ DW_AT_type
	.byte	4                               @ DW_AT_decl_file
	.short	595                             @ DW_AT_decl_line
	.byte	72                              @ DW_AT_data_member_location
	.byte	12                              @ Abbrev [12] 0x343:0xd DW_TAG_member
	.long	.Linfo_string53                 @ DW_AT_name
	.long	534                             @ DW_AT_type
	.byte	4                               @ DW_AT_decl_file
	.short	596                             @ DW_AT_decl_line
	.byte	76                              @ DW_AT_data_member_location
	.byte	12                              @ Abbrev [12] 0x350:0xd DW_TAG_member
	.long	.Linfo_string54                 @ DW_AT_name
	.long	534                             @ DW_AT_type
	.byte	4                               @ DW_AT_decl_file
	.short	597                             @ DW_AT_decl_line
	.byte	80                              @ DW_AT_data_member_location
	.byte	12                              @ Abbrev [12] 0x35d:0xd DW_TAG_member
	.long	.Linfo_string55                 @ DW_AT_name
	.long	534                             @ DW_AT_type
	.byte	4                               @ DW_AT_decl_file
	.short	598                             @ DW_AT_decl_line
	.byte	84                              @ DW_AT_data_member_location
	.byte	12                              @ Abbrev [12] 0x36a:0xd DW_TAG_member
	.long	.Linfo_string56                 @ DW_AT_name
	.long	534                             @ DW_AT_type
	.byte	4                               @ DW_AT_decl_file
	.short	599                             @ DW_AT_decl_line
	.byte	88                              @ DW_AT_data_member_location
	.byte	12                              @ Abbrev [12] 0x377:0xd DW_TAG_member
	.long	.Linfo_string57                 @ DW_AT_name
	.long	534                             @ DW_AT_type
	.byte	4                               @ DW_AT_decl_file
	.short	600                             @ DW_AT_decl_line
	.byte	92                              @ DW_AT_data_member_location
	.byte	12                              @ Abbrev [12] 0x384:0xd DW_TAG_member
	.long	.Linfo_string58                 @ DW_AT_name
	.long	534                             @ DW_AT_type
	.byte	4                               @ DW_AT_decl_file
	.short	601                             @ DW_AT_decl_line
	.byte	96                              @ DW_AT_data_member_location
	.byte	12                              @ Abbrev [12] 0x391:0xd DW_TAG_member
	.long	.Linfo_string59                 @ DW_AT_name
	.long	534                             @ DW_AT_type
	.byte	4                               @ DW_AT_decl_file
	.short	602                             @ DW_AT_decl_line
	.byte	100                             @ DW_AT_data_member_location
	.byte	12                              @ Abbrev [12] 0x39e:0xd DW_TAG_member
	.long	.Linfo_string60                 @ DW_AT_name
	.long	534                             @ DW_AT_type
	.byte	4                               @ DW_AT_decl_file
	.short	603                             @ DW_AT_decl_line
	.byte	104                             @ DW_AT_data_member_location
	.byte	12                              @ Abbrev [12] 0x3ab:0xd DW_TAG_member
	.long	.Linfo_string61                 @ DW_AT_name
	.long	534                             @ DW_AT_type
	.byte	4                               @ DW_AT_decl_file
	.short	604                             @ DW_AT_decl_line
	.byte	108                             @ DW_AT_data_member_location
	.byte	12                              @ Abbrev [12] 0x3b8:0xd DW_TAG_member
	.long	.Linfo_string26                 @ DW_AT_name
	.long	556                             @ DW_AT_type
	.byte	4                               @ DW_AT_decl_file
	.short	605                             @ DW_AT_decl_line
	.byte	112                             @ DW_AT_data_member_location
	.byte	12                              @ Abbrev [12] 0x3c5:0xd DW_TAG_member
	.long	.Linfo_string62                 @ DW_AT_name
	.long	534                             @ DW_AT_type
	.byte	4                               @ DW_AT_decl_file
	.short	606                             @ DW_AT_decl_line
	.byte	120                             @ DW_AT_data_member_location
	.byte	12                              @ Abbrev [12] 0x3d2:0xd DW_TAG_member
	.long	.Linfo_string28                 @ DW_AT_name
	.long	1453                            @ DW_AT_type
	.byte	4                               @ DW_AT_decl_file
	.short	607                             @ DW_AT_decl_line
	.byte	124                             @ DW_AT_data_member_location
	.byte	12                              @ Abbrev [12] 0x3df:0xd DW_TAG_member
	.long	.Linfo_string63                 @ DW_AT_name
	.long	534                             @ DW_AT_type
	.byte	4                               @ DW_AT_decl_file
	.short	608                             @ DW_AT_decl_line
	.byte	192                             @ DW_AT_data_member_location
	.byte	12                              @ Abbrev [12] 0x3ec:0xd DW_TAG_member
	.long	.Linfo_string34                 @ DW_AT_name
	.long	539                             @ DW_AT_type
	.byte	4                               @ DW_AT_decl_file
	.short	609                             @ DW_AT_decl_line
	.byte	196                             @ DW_AT_data_member_location
	.byte	12                              @ Abbrev [12] 0x3f9:0xd DW_TAG_member
	.long	.Linfo_string64                 @ DW_AT_name
	.long	534                             @ DW_AT_type
	.byte	4                               @ DW_AT_decl_file
	.short	610                             @ DW_AT_decl_line
	.byte	208                             @ DW_AT_data_member_location
	.byte	12                              @ Abbrev [12] 0x406:0xd DW_TAG_member
	.long	.Linfo_string65                 @ DW_AT_name
	.long	551                             @ DW_AT_type
	.byte	4                               @ DW_AT_decl_file
	.short	611                             @ DW_AT_decl_line
	.byte	212                             @ DW_AT_data_member_location
	.byte	12                              @ Abbrev [12] 0x413:0xd DW_TAG_member
	.long	.Linfo_string66                 @ DW_AT_name
	.long	534                             @ DW_AT_type
	.byte	4                               @ DW_AT_decl_file
	.short	612                             @ DW_AT_decl_line
	.byte	216                             @ DW_AT_data_member_location
	.byte	12                              @ Abbrev [12] 0x420:0xd DW_TAG_member
	.long	.Linfo_string67                 @ DW_AT_name
	.long	534                             @ DW_AT_type
	.byte	4                               @ DW_AT_decl_file
	.short	613                             @ DW_AT_decl_line
	.byte	220                             @ DW_AT_data_member_location
	.byte	12                              @ Abbrev [12] 0x42d:0xd DW_TAG_member
	.long	.Linfo_string68                 @ DW_AT_name
	.long	534                             @ DW_AT_type
	.byte	4                               @ DW_AT_decl_file
	.short	614                             @ DW_AT_decl_line
	.byte	224                             @ DW_AT_data_member_location
	.byte	12                              @ Abbrev [12] 0x43a:0xd DW_TAG_member
	.long	.Linfo_string69                 @ DW_AT_name
	.long	551                             @ DW_AT_type
	.byte	4                               @ DW_AT_decl_file
	.short	615                             @ DW_AT_decl_line
	.byte	228                             @ DW_AT_data_member_location
	.byte	12                              @ Abbrev [12] 0x447:0xd DW_TAG_member
	.long	.Linfo_string70                 @ DW_AT_name
	.long	556                             @ DW_AT_type
	.byte	4                               @ DW_AT_decl_file
	.short	616                             @ DW_AT_decl_line
	.byte	232                             @ DW_AT_data_member_location
	.byte	12                              @ Abbrev [12] 0x454:0xd DW_TAG_member
	.long	.Linfo_string71                 @ DW_AT_name
	.long	534                             @ DW_AT_type
	.byte	4                               @ DW_AT_decl_file
	.short	617                             @ DW_AT_decl_line
	.byte	240                             @ DW_AT_data_member_location
	.byte	12                              @ Abbrev [12] 0x461:0xd DW_TAG_member
	.long	.Linfo_string72                 @ DW_AT_name
	.long	534                             @ DW_AT_type
	.byte	4                               @ DW_AT_decl_file
	.short	618                             @ DW_AT_decl_line
	.byte	244                             @ DW_AT_data_member_location
	.byte	12                              @ Abbrev [12] 0x46e:0xd DW_TAG_member
	.long	.Linfo_string73                 @ DW_AT_name
	.long	534                             @ DW_AT_type
	.byte	4                               @ DW_AT_decl_file
	.short	619                             @ DW_AT_decl_line
	.byte	248                             @ DW_AT_data_member_location
	.byte	12                              @ Abbrev [12] 0x47b:0xd DW_TAG_member
	.long	.Linfo_string74                 @ DW_AT_name
	.long	1441                            @ DW_AT_type
	.byte	4                               @ DW_AT_decl_file
	.short	620                             @ DW_AT_decl_line
	.byte	252                             @ DW_AT_data_member_location
	.byte	15                              @ Abbrev [15] 0x488:0xe DW_TAG_member
	.long	.Linfo_string75                 @ DW_AT_name
	.long	534                             @ DW_AT_type
	.byte	4                               @ DW_AT_decl_file
	.short	621                             @ DW_AT_decl_line
	.short	256                             @ DW_AT_data_member_location
	.byte	15                              @ Abbrev [15] 0x496:0xe DW_TAG_member
	.long	.Linfo_string76                 @ DW_AT_name
	.long	1465                            @ DW_AT_type
	.byte	4                               @ DW_AT_decl_file
	.short	622                             @ DW_AT_decl_line
	.short	260                             @ DW_AT_data_member_location
	.byte	15                              @ Abbrev [15] 0x4a4:0xe DW_TAG_member
	.long	.Linfo_string77                 @ DW_AT_name
	.long	534                             @ DW_AT_type
	.byte	4                               @ DW_AT_decl_file
	.short	623                             @ DW_AT_decl_line
	.short	280                             @ DW_AT_data_member_location
	.byte	15                              @ Abbrev [15] 0x4b2:0xe DW_TAG_member
	.long	.Linfo_string36                 @ DW_AT_name
	.long	1441                            @ DW_AT_type
	.byte	4                               @ DW_AT_decl_file
	.short	624                             @ DW_AT_decl_line
	.short	284                             @ DW_AT_data_member_location
	.byte	15                              @ Abbrev [15] 0x4c0:0xe DW_TAG_member
	.long	.Linfo_string78                 @ DW_AT_name
	.long	551                             @ DW_AT_type
	.byte	4                               @ DW_AT_decl_file
	.short	625                             @ DW_AT_decl_line
	.short	288                             @ DW_AT_data_member_location
	.byte	15                              @ Abbrev [15] 0x4ce:0xe DW_TAG_member
	.long	.Linfo_string79                 @ DW_AT_name
	.long	551                             @ DW_AT_type
	.byte	4                               @ DW_AT_decl_file
	.short	626                             @ DW_AT_decl_line
	.short	292                             @ DW_AT_data_member_location
	.byte	15                              @ Abbrev [15] 0x4dc:0xe DW_TAG_member
	.long	.Linfo_string80                 @ DW_AT_name
	.long	1477                            @ DW_AT_type
	.byte	4                               @ DW_AT_decl_file
	.short	627                             @ DW_AT_decl_line
	.short	296                             @ DW_AT_data_member_location
	.byte	15                              @ Abbrev [15] 0x4ea:0xe DW_TAG_member
	.long	.Linfo_string81                 @ DW_AT_name
	.long	551                             @ DW_AT_type
	.byte	4                               @ DW_AT_decl_file
	.short	628                             @ DW_AT_decl_line
	.short	312                             @ DW_AT_data_member_location
	.byte	15                              @ Abbrev [15] 0x4f8:0xe DW_TAG_member
	.long	.Linfo_string82                 @ DW_AT_name
	.long	1465                            @ DW_AT_type
	.byte	4                               @ DW_AT_decl_file
	.short	629                             @ DW_AT_decl_line
	.short	316                             @ DW_AT_data_member_location
	.byte	15                              @ Abbrev [15] 0x506:0xe DW_TAG_member
	.long	.Linfo_string83                 @ DW_AT_name
	.long	551                             @ DW_AT_type
	.byte	4                               @ DW_AT_decl_file
	.short	630                             @ DW_AT_decl_line
	.short	336                             @ DW_AT_data_member_location
	.byte	15                              @ Abbrev [15] 0x514:0xe DW_TAG_member
	.long	.Linfo_string84                 @ DW_AT_name
	.long	551                             @ DW_AT_type
	.byte	4                               @ DW_AT_decl_file
	.short	631                             @ DW_AT_decl_line
	.short	340                             @ DW_AT_data_member_location
	.byte	15                              @ Abbrev [15] 0x522:0xe DW_TAG_member
	.long	.Linfo_string85                 @ DW_AT_name
	.long	551                             @ DW_AT_type
	.byte	4                               @ DW_AT_decl_file
	.short	632                             @ DW_AT_decl_line
	.short	344                             @ DW_AT_data_member_location
	.byte	15                              @ Abbrev [15] 0x530:0xe DW_TAG_member
	.long	.Linfo_string86                 @ DW_AT_name
	.long	551                             @ DW_AT_type
	.byte	4                               @ DW_AT_decl_file
	.short	633                             @ DW_AT_decl_line
	.short	348                             @ DW_AT_data_member_location
	.byte	15                              @ Abbrev [15] 0x53e:0xe DW_TAG_member
	.long	.Linfo_string87                 @ DW_AT_name
	.long	534                             @ DW_AT_type
	.byte	4                               @ DW_AT_decl_file
	.short	634                             @ DW_AT_decl_line
	.short	352                             @ DW_AT_data_member_location
	.byte	15                              @ Abbrev [15] 0x54c:0xe DW_TAG_member
	.long	.Linfo_string88                 @ DW_AT_name
	.long	1489                            @ DW_AT_type
	.byte	4                               @ DW_AT_decl_file
	.short	635                             @ DW_AT_decl_line
	.short	356                             @ DW_AT_data_member_location
	.byte	15                              @ Abbrev [15] 0x55a:0xe DW_TAG_member
	.long	.Linfo_string89                 @ DW_AT_name
	.long	534                             @ DW_AT_type
	.byte	4                               @ DW_AT_decl_file
	.short	636                             @ DW_AT_decl_line
	.short	392                             @ DW_AT_data_member_location
	.byte	15                              @ Abbrev [15] 0x568:0xe DW_TAG_member
	.long	.Linfo_string90                 @ DW_AT_name
	.long	534                             @ DW_AT_type
	.byte	4                               @ DW_AT_decl_file
	.short	637                             @ DW_AT_decl_line
	.short	396                             @ DW_AT_data_member_location
	.byte	15                              @ Abbrev [15] 0x576:0xe DW_TAG_member
	.long	.Linfo_string91                 @ DW_AT_name
	.long	534                             @ DW_AT_type
	.byte	4                               @ DW_AT_decl_file
	.short	638                             @ DW_AT_decl_line
	.short	400                             @ DW_AT_data_member_location
	.byte	15                              @ Abbrev [15] 0x584:0xe DW_TAG_member
	.long	.Linfo_string92                 @ DW_AT_name
	.long	1501                            @ DW_AT_type
	.byte	4                               @ DW_AT_decl_file
	.short	639                             @ DW_AT_decl_line
	.short	404                             @ DW_AT_data_member_location
	.byte	15                              @ Abbrev [15] 0x592:0xe DW_TAG_member
	.long	.Linfo_string93                 @ DW_AT_name
	.long	534                             @ DW_AT_type
	.byte	4                               @ DW_AT_decl_file
	.short	640                             @ DW_AT_decl_line
	.short	492                             @ DW_AT_data_member_location
	.byte	0                               @ End Of Children Mark
	.byte	5                               @ Abbrev [5] 0x5a1:0xc DW_TAG_array_type
	.long	551                             @ DW_AT_type
	.byte	6                               @ Abbrev [6] 0x5a6:0x6 DW_TAG_subrange_type
	.long	141                             @ DW_AT_type
	.byte	1                               @ DW_AT_count
	.byte	0                               @ End Of Children Mark
	.byte	5                               @ Abbrev [5] 0x5ad:0xc DW_TAG_array_type
	.long	551                             @ DW_AT_type
	.byte	6                               @ Abbrev [6] 0x5b2:0x6 DW_TAG_subrange_type
	.long	141                             @ DW_AT_type
	.byte	17                              @ DW_AT_count
	.byte	0                               @ End Of Children Mark
	.byte	5                               @ Abbrev [5] 0x5b9:0xc DW_TAG_array_type
	.long	551                             @ DW_AT_type
	.byte	6                               @ Abbrev [6] 0x5be:0x6 DW_TAG_subrange_type
	.long	141                             @ DW_AT_type
	.byte	5                               @ DW_AT_count
	.byte	0                               @ End Of Children Mark
	.byte	5                               @ Abbrev [5] 0x5c5:0xc DW_TAG_array_type
	.long	551                             @ DW_AT_type
	.byte	6                               @ Abbrev [6] 0x5ca:0x6 DW_TAG_subrange_type
	.long	141                             @ DW_AT_type
	.byte	4                               @ DW_AT_count
	.byte	0                               @ End Of Children Mark
	.byte	5                               @ Abbrev [5] 0x5d1:0xc DW_TAG_array_type
	.long	551                             @ DW_AT_type
	.byte	6                               @ Abbrev [6] 0x5d6:0x6 DW_TAG_subrange_type
	.long	141                             @ DW_AT_type
	.byte	9                               @ DW_AT_count
	.byte	0                               @ End Of Children Mark
	.byte	5                               @ Abbrev [5] 0x5dd:0xc DW_TAG_array_type
	.long	551                             @ DW_AT_type
	.byte	6                               @ Abbrev [6] 0x5e2:0x6 DW_TAG_subrange_type
	.long	141                             @ DW_AT_type
	.byte	22                              @ DW_AT_count
	.byte	0                               @ End Of Children Mark
	.byte	16                              @ Abbrev [16] 0x5e9:0x62 DW_TAG_subprogram
	.long	.Linfo_string95                 @ DW_AT_name
	.byte	5                               @ DW_AT_decl_file
	.short	461                             @ DW_AT_decl_line
                                        @ DW_AT_prototyped
	.long	55                              @ DW_AT_type
	.byte	1                               @ DW_AT_inline
	.byte	17                              @ Abbrev [17] 0x5f6:0xc DW_TAG_variable
	.long	.Linfo_string96                 @ DW_AT_name
	.byte	5                               @ DW_AT_decl_file
	.short	463                             @ DW_AT_decl_line
	.long	55                              @ DW_AT_type
	.byte	17                              @ Abbrev [17] 0x602:0xc DW_TAG_variable
	.long	.Linfo_string97                 @ DW_AT_name
	.byte	5                               @ DW_AT_decl_file
	.short	466                             @ DW_AT_decl_line
	.long	55                              @ DW_AT_type
	.byte	17                              @ Abbrev [17] 0x60e:0xc DW_TAG_variable
	.long	.Linfo_string98                 @ DW_AT_name
	.byte	5                               @ DW_AT_decl_file
	.short	464                             @ DW_AT_decl_line
	.long	55                              @ DW_AT_type
	.byte	17                              @ Abbrev [17] 0x61a:0xc DW_TAG_variable
	.long	.Linfo_string99                 @ DW_AT_name
	.byte	5                               @ DW_AT_decl_file
	.short	464                             @ DW_AT_decl_line
	.long	55                              @ DW_AT_type
	.byte	17                              @ Abbrev [17] 0x626:0xc DW_TAG_variable
	.long	.Linfo_string100                @ DW_AT_name
	.byte	5                               @ DW_AT_decl_file
	.short	464                             @ DW_AT_decl_line
	.long	55                              @ DW_AT_type
	.byte	17                              @ Abbrev [17] 0x632:0xc DW_TAG_variable
	.long	.Linfo_string101                @ DW_AT_name
	.byte	5                               @ DW_AT_decl_file
	.short	464                             @ DW_AT_decl_line
	.long	55                              @ DW_AT_type
	.byte	17                              @ Abbrev [17] 0x63e:0xc DW_TAG_variable
	.long	.Linfo_string102                @ DW_AT_name
	.byte	5                               @ DW_AT_decl_file
	.short	465                             @ DW_AT_decl_line
	.long	1611                            @ DW_AT_type
	.byte	0                               @ End Of Children Mark
	.byte	5                               @ Abbrev [5] 0x64b:0xc DW_TAG_array_type
	.long	1623                            @ DW_AT_type
	.byte	6                               @ Abbrev [6] 0x650:0x6 DW_TAG_subrange_type
	.long	141                             @ DW_AT_type
	.byte	4                               @ DW_AT_count
	.byte	0                               @ End Of Children Mark
	.byte	3                               @ Abbrev [3] 0x657:0xb DW_TAG_typedef
	.long	1634                            @ DW_AT_type
	.long	.Linfo_string104                @ DW_AT_name
	.byte	1                               @ DW_AT_decl_file
	.byte	62                              @ DW_AT_decl_line
	.byte	4                               @ Abbrev [4] 0x662:0x7 DW_TAG_base_type
	.long	.Linfo_string103                @ DW_AT_name
	.byte	8                               @ DW_AT_encoding
	.byte	1                               @ DW_AT_byte_size
	.byte	18                              @ Abbrev [18] 0x669:0x7a DW_TAG_subprogram
	.long	.Lfunc_begin0                   @ DW_AT_low_pc
	.long	.Lfunc_end0-.Lfunc_begin0       @ DW_AT_high_pc
	.byte	1                               @ DW_AT_frame_base
	.byte	93
                                        @ DW_AT_GNU_all_call_sites
	.long	.Linfo_string107                @ DW_AT_name
	.byte	2                               @ DW_AT_decl_file
	.byte	42                              @ DW_AT_decl_line
                                        @ DW_AT_prototyped
                                        @ DW_AT_external
	.byte	19                              @ Abbrev [19] 0x67a:0xf DW_TAG_variable
	.long	.Ldebug_loc0                    @ DW_AT_location
	.long	.Linfo_string109                @ DW_AT_name
	.byte	2                               @ DW_AT_decl_file
	.byte	44                              @ DW_AT_decl_line
	.long	55                              @ DW_AT_type
	.byte	19                              @ Abbrev [19] 0x689:0xf DW_TAG_variable
	.long	.Ldebug_loc5                    @ DW_AT_location
	.long	.Linfo_string110                @ DW_AT_name
	.byte	2                               @ DW_AT_decl_file
	.byte	44                              @ DW_AT_decl_line
	.long	55                              @ DW_AT_type
	.byte	19                              @ Abbrev [19] 0x698:0xf DW_TAG_variable
	.long	.Ldebug_loc6                    @ DW_AT_location
	.long	.Linfo_string111                @ DW_AT_name
	.byte	2                               @ DW_AT_decl_file
	.byte	45                              @ DW_AT_decl_line
	.long	55                              @ DW_AT_type
	.byte	20                              @ Abbrev [20] 0x6a7:0x3b DW_TAG_inlined_subroutine
	.long	1513                            @ DW_AT_abstract_origin
	.long	.Ltmp1                          @ DW_AT_low_pc
	.long	.Ltmp18-.Ltmp1                  @ DW_AT_high_pc
	.byte	2                               @ DW_AT_call_file
	.byte	50                              @ DW_AT_call_line
	.byte	16                              @ DW_AT_call_column
	.byte	21                              @ Abbrev [21] 0x6b7:0x6 DW_TAG_variable
	.byte	0                               @ DW_AT_const_value
	.long	1526                            @ DW_AT_abstract_origin
	.byte	22                              @ Abbrev [22] 0x6bd:0x9 DW_TAG_variable
	.long	.Ldebug_loc1                    @ DW_AT_location
	.long	1538                            @ DW_AT_abstract_origin
	.byte	22                              @ Abbrev [22] 0x6c6:0x9 DW_TAG_variable
	.long	.Ldebug_loc2                    @ DW_AT_location
	.long	1550                            @ DW_AT_abstract_origin
	.byte	22                              @ Abbrev [22] 0x6cf:0x9 DW_TAG_variable
	.long	.Ldebug_loc3                    @ DW_AT_location
	.long	1562                            @ DW_AT_abstract_origin
	.byte	22                              @ Abbrev [22] 0x6d8:0x9 DW_TAG_variable
	.long	.Ldebug_loc4                    @ DW_AT_location
	.long	1574                            @ DW_AT_abstract_origin
	.byte	0                               @ End Of Children Mark
	.byte	0                               @ End Of Children Mark
	.byte	23                              @ Abbrev [23] 0x6e3:0x9 DW_TAG_subprogram
	.long	.Linfo_string105                @ DW_AT_name
	.byte	6                               @ DW_AT_decl_file
	.short	1343                            @ DW_AT_decl_line
                                        @ DW_AT_prototyped
	.byte	1                               @ DW_AT_inline
	.byte	23                              @ Abbrev [23] 0x6ec:0x9 DW_TAG_subprogram
	.long	.Linfo_string106                @ DW_AT_name
	.byte	6                               @ DW_AT_decl_file
	.short	1360                            @ DW_AT_decl_line
                                        @ DW_AT_prototyped
	.byte	1                               @ DW_AT_inline
	.byte	18                              @ Abbrev [18] 0x6f5:0x32 DW_TAG_subprogram
	.long	.Lfunc_begin1                   @ DW_AT_low_pc
	.long	.Lfunc_end1-.Lfunc_begin1       @ DW_AT_high_pc
	.byte	1                               @ DW_AT_frame_base
	.byte	93
                                        @ DW_AT_GNU_all_call_sites
	.long	.Linfo_string108                @ DW_AT_name
	.byte	2                               @ DW_AT_decl_file
	.byte	81                              @ DW_AT_decl_line
                                        @ DW_AT_prototyped
                                        @ DW_AT_external
	.byte	24                              @ Abbrev [24] 0x706:0x10 DW_TAG_inlined_subroutine
	.long	1763                            @ DW_AT_abstract_origin
	.long	.Ltmp25                         @ DW_AT_low_pc
	.long	.Ltmp34-.Ltmp25                 @ DW_AT_high_pc
	.byte	2                               @ DW_AT_call_file
	.byte	84                              @ DW_AT_call_line
	.byte	5                               @ DW_AT_call_column
	.byte	24                              @ Abbrev [24] 0x716:0x10 DW_TAG_inlined_subroutine
	.long	1772                            @ DW_AT_abstract_origin
	.long	.Ltmp36                         @ DW_AT_low_pc
	.long	.Ltmp37-.Ltmp36                 @ DW_AT_high_pc
	.byte	2                               @ DW_AT_call_file
	.byte	110                             @ DW_AT_call_line
	.byte	5                               @ DW_AT_call_column
	.byte	0                               @ End Of Children Mark
	.byte	0                               @ End Of Children Mark
.Ldebug_info_end0:
	.section	.debug_ranges,"",%progbits
.Ldebug_ranges0:
	.long	.Lfunc_begin0
	.long	.Lfunc_end0
	.long	.Lfunc_begin1
	.long	.Lfunc_end1
	.long	0
	.long	0
	.section	.debug_str,"MS",%progbits,1
.Linfo_string0:
	.asciz	"Component: Arm Compiler for Embedded 6.22 Tool: armclang [5ee92100]" @ string offset=0
.Linfo_string1:
	.asciz	"../../M031BSP/Library/Device/Nuvoton/M031/Source\\system_M031Series.c" @ string offset=68
.Linfo_string2:
	.asciz	"C:\\Nuvoton_ws\\M032GK_GPIO_LED_1\\Keil" @ string offset=137
.Linfo_string3:
	.asciz	"SystemCoreClock"               @ string offset=174
.Linfo_string4:
	.asciz	"unsigned int"                  @ string offset=190
.Linfo_string5:
	.asciz	"uint32_t"                      @ string offset=203
.Linfo_string6:
	.asciz	"CyclesPerUs"                   @ string offset=212
.Linfo_string7:
	.asciz	"PllClock"                      @ string offset=224
.Linfo_string8:
	.asciz	"gau32ClkSrcTbl"                @ string offset=233
.Linfo_string9:
	.asciz	"__ARRAY_SIZE_TYPE__"           @ string offset=248
.Linfo_string10:
	.asciz	"PWRCTL"                        @ string offset=268
.Linfo_string11:
	.asciz	"AHBCLK"                        @ string offset=275
.Linfo_string12:
	.asciz	"APBCLK0"                       @ string offset=282
.Linfo_string13:
	.asciz	"APBCLK1"                       @ string offset=290
.Linfo_string14:
	.asciz	"CLKSEL0"                       @ string offset=298
.Linfo_string15:
	.asciz	"CLKSEL1"                       @ string offset=306
.Linfo_string16:
	.asciz	"CLKSEL2"                       @ string offset=314
.Linfo_string17:
	.asciz	"CLKSEL3"                       @ string offset=322
.Linfo_string18:
	.asciz	"CLKDIV0"                       @ string offset=330
.Linfo_string19:
	.asciz	"RESERVE0"                      @ string offset=338
.Linfo_string20:
	.asciz	"CLKDIV4"                       @ string offset=347
.Linfo_string21:
	.asciz	"PCLKDIV"                       @ string offset=355
.Linfo_string22:
	.asciz	"RESERVE1"                      @ string offset=363
.Linfo_string23:
	.asciz	"PLLCTL"                        @ string offset=372
.Linfo_string24:
	.asciz	"RESERVE2"                      @ string offset=379
.Linfo_string25:
	.asciz	"STATUS"                        @ string offset=388
.Linfo_string26:
	.asciz	"RESERVE3"                      @ string offset=395
.Linfo_string27:
	.asciz	"CLKOCTL"                       @ string offset=404
.Linfo_string28:
	.asciz	"RESERVE4"                      @ string offset=412
.Linfo_string29:
	.asciz	"CLKDCTL"                       @ string offset=421
.Linfo_string30:
	.asciz	"CLKDSTS"                       @ string offset=429
.Linfo_string31:
	.asciz	"CDUPB"                         @ string offset=437
.Linfo_string32:
	.asciz	"CDLOWB"                        @ string offset=443
.Linfo_string33:
	.asciz	"LDOCTL"                        @ string offset=450
.Linfo_string34:
	.asciz	"RESERVE5"                      @ string offset=457
.Linfo_string35:
	.asciz	"HXTFSEL"                       @ string offset=466
.Linfo_string36:
	.asciz	"RESERVE9"                      @ string offset=474
.Linfo_string37:
	.asciz	"TESTCLK"                       @ string offset=483
.Linfo_string38:
	.asciz	"CLK_T"                         @ string offset=491
.Linfo_string39:
	.asciz	"PDID"                          @ string offset=497
.Linfo_string40:
	.asciz	"RSTSTS"                        @ string offset=502
.Linfo_string41:
	.asciz	"IPRST0"                        @ string offset=509
.Linfo_string42:
	.asciz	"IPRST1"                        @ string offset=516
.Linfo_string43:
	.asciz	"IPRST2"                        @ string offset=523
.Linfo_string44:
	.asciz	"BODCTL"                        @ string offset=530
.Linfo_string45:
	.asciz	"PORCTL"                        @ string offset=537
.Linfo_string46:
	.asciz	"GPA_MFPL"                      @ string offset=544
.Linfo_string47:
	.asciz	"GPA_MFPH"                      @ string offset=553
.Linfo_string48:
	.asciz	"GPB_MFPL"                      @ string offset=562
.Linfo_string49:
	.asciz	"GPB_MFPH"                      @ string offset=571
.Linfo_string50:
	.asciz	"GPC_MFPL"                      @ string offset=580
.Linfo_string51:
	.asciz	"GPC_MFPH"                      @ string offset=589
.Linfo_string52:
	.asciz	"GPD_MFPL"                      @ string offset=598
.Linfo_string53:
	.asciz	"GPD_MFPH"                      @ string offset=607
.Linfo_string54:
	.asciz	"GPE_MFPL"                      @ string offset=616
.Linfo_string55:
	.asciz	"GPE_MFPH"                      @ string offset=625
.Linfo_string56:
	.asciz	"GPF_MFPL"                      @ string offset=634
.Linfo_string57:
	.asciz	"GPF_MFPH"                      @ string offset=643
.Linfo_string58:
	.asciz	"GPG_MFPL"                      @ string offset=652
.Linfo_string59:
	.asciz	"GPG_MFPH"                      @ string offset=661
.Linfo_string60:
	.asciz	"GPH_MFPL"                      @ string offset=670
.Linfo_string61:
	.asciz	"GPH_MFPH"                      @ string offset=679
.Linfo_string62:
	.asciz	"LPLDOCTL"                      @ string offset=688
.Linfo_string63:
	.asciz	"MODCTL"                        @ string offset=697
.Linfo_string64:
	.asciz	"SRAM_BISTCTL"                  @ string offset=704
.Linfo_string65:
	.asciz	"SRAM_BISTSTS"                  @ string offset=717
.Linfo_string66:
	.asciz	"SRAM_PARITY"                   @ string offset=730
.Linfo_string67:
	.asciz	"SRAM_INTCTL"                   @ string offset=742
.Linfo_string68:
	.asciz	"SRAM_STATUS"                   @ string offset=754
.Linfo_string69:
	.asciz	"SRAM_ERRADDR"                  @ string offset=766
.Linfo_string70:
	.asciz	"RESERVE6"                      @ string offset=779
.Linfo_string71:
	.asciz	"HIRCTRIMCTL"                   @ string offset=788
.Linfo_string72:
	.asciz	"HIRCTRIMIEN"                   @ string offset=800
.Linfo_string73:
	.asciz	"HIRCTRIMSTS"                   @ string offset=812
.Linfo_string74:
	.asciz	"RESERVE7"                      @ string offset=824
.Linfo_string75:
	.asciz	"REGLCTL"                       @ string offset=833
.Linfo_string76:
	.asciz	"RESERVE8"                      @ string offset=841
.Linfo_string77:
	.asciz	"HIRCADJ"                       @ string offset=850
.Linfo_string78:
	.asciz	"LDOTRIM"                       @ string offset=858
.Linfo_string79:
	.asciz	"LVR16TRIM"                     @ string offset=866
.Linfo_string80:
	.asciz	"RESERVE10"                     @ string offset=876
.Linfo_string81:
	.asciz	"LIRCT"                         @ string offset=886
.Linfo_string82:
	.asciz	"RESERVE11"                     @ string offset=892
.Linfo_string83:
	.asciz	"LVR17TRIM"                     @ string offset=902
.Linfo_string84:
	.asciz	"LVR20TRIM"                     @ string offset=912
.Linfo_string85:
	.asciz	"LVR25TRIM"                     @ string offset=922
.Linfo_string86:
	.asciz	"uLDOVITRIM"                    @ string offset=932
.Linfo_string87:
	.asciz	"LVRITRIMSEL"                   @ string offset=943
.Linfo_string88:
	.asciz	"RESERVE12"                     @ string offset=955
.Linfo_string89:
	.asciz	"HIRCTCTL"                      @ string offset=965
.Linfo_string90:
	.asciz	"ADCCHIP"                       @ string offset=974
.Linfo_string91:
	.asciz	"HXTTCTL"                       @ string offset=982
.Linfo_string92:
	.asciz	"RESERVE13"                     @ string offset=990
.Linfo_string93:
	.asciz	"PORDISAN"                      @ string offset=1000
.Linfo_string94:
	.asciz	"SYS_T"                         @ string offset=1009
.Linfo_string95:
	.asciz	"CLK_GetPLLClockFreq"           @ string offset=1015
.Linfo_string96:
	.asciz	"u32PllFreq"                    @ string offset=1035
.Linfo_string97:
	.asciz	"u32Reg"                        @ string offset=1046
.Linfo_string98:
	.asciz	"u32FIN"                        @ string offset=1053
.Linfo_string99:
	.asciz	"u32NF"                         @ string offset=1060
.Linfo_string100:
	.asciz	"u32NR"                         @ string offset=1066
.Linfo_string101:
	.asciz	"u32NO"                         @ string offset=1072
.Linfo_string102:
	.asciz	"au8NoTbl"                      @ string offset=1078
.Linfo_string103:
	.asciz	"unsigned char"                 @ string offset=1087
.Linfo_string104:
	.asciz	"uint8_t"                       @ string offset=1101
.Linfo_string105:
	.asciz	"SYS_UnlockReg"                 @ string offset=1109
.Linfo_string106:
	.asciz	"SYS_LockReg"                   @ string offset=1123
.Linfo_string107:
	.asciz	"SystemCoreClockUpdate"         @ string offset=1135
.Linfo_string108:
	.asciz	"SystemInit"                    @ string offset=1157
.Linfo_string109:
	.asciz	"u32ClkSrc"                     @ string offset=1168
.Linfo_string110:
	.asciz	"u32Freq"                       @ string offset=1178
.Linfo_string111:
	.asciz	"u32HclkDiv"                    @ string offset=1186
	.ident	"Component: Arm Compiler for Embedded 6.22 Tool: armclang [5ee92100]"
	.section	".note.GNU-stack","",%progbits
	.eabi_attribute	30, 1	@ Tag_ABI_optimization_goals
	.ARM_attribute	16, 1	@ Tag_AV_eba
	.section	.debug_line,"",%progbits
.Lline_table_start0:
