<html>
<body>
<pre>
<h1>µVision Build Log</h1>
<h2>Tool Versions:</h2>
IDE-Version: µVision V5.41.0.0
Copyright (C) 2024 ARM Ltd and ARM Germany GmbH. All rights reserved.
License Information: Dr. Baris GOKCE
Zenopix
User-based license: Keil MDK Nuvoton Edition - Full Cortex-M
Valid until: Sep 27 2034. Cached until: Mar 2 2025
 
Tool Versions:
Toolchain:       Keil MDK Nuvoton Edition - Full Cortex-M  Version: 5.41.0.0
Toolchain Path:  C:\Users\mgokce\AppData\Local\Keil_v5\ARM\ARMCLANG\Bin
C Compiler:      ArmClang.exe V6.22
Assembler:       Armasm.exe V6.22
Linker/Locator:  ArmLink.exe V6.22
Library Manager: ArmAr.exe V6.22
Hex Converter:   FromElf.exe V6.22
CPU DLL:         SARMCM3.DLL V5.41.0.0
Dialog DLL:      DARMCM1.DLL V1.19.6.0
Target DLL:      NULink\Nu_Link.dll V3.18
Dialog DLL:      TARMCM1.DLL V1.14.6.0
 
<h2>Project:</h2>
C:\Nuvoton_ws\M032GK_GPIO_LED_3_BUTON_INT\Keil\M032GK_GPIO_LED_3_BUTON_INT.uvprojx
Project File Date:  02/13/2025

<h2>Output:</h2>
*** Using Compiler 'V6.22', folder: 'C:\Users\mgokce\AppData\Local\Keil_v5\ARM\ARMCLANG\Bin'
Rebuild target 'Template'
assembling startup_M031Series.s...
creating preprocessor file for system_M031Series.c...
creating preprocessor file for clk.c...
creating list file for system_M031Series.c...
compiling system_M031Series.c...
creating preprocessor file for gpio.c...
creating list file for clk.c...
compiling clk.c...
creating list file for gpio.c...
compiling gpio.c...
creating preprocessor file for retarget.c...
creating list file for retarget.c...
creating preprocessor file for timer.c...
compiling retarget.c...
creating preprocessor file for uart.c...
creating list file for timer.c...
compiling timer.c...
creating list file for uart.c...
compiling uart.c...
creating preprocessor file for main.c...
creating preprocessor file for clk_config.c...
creating preprocessor file for pin_config.c...
creating list file for clk_config.c...
creating list file for pin_config.c...
compiling main.c...
creating list file for main.c...
compiling clk_config.c...
compiling pin_config.c...
linking...
Program Size: Code=5248 RO-data=296 RW-data=20 ZI-data=600  
After Build - User command #1: fromelf --bin ".\obj\template.axf" --output ".\obj\template.bin"
After Build - User command #2: fromelf --text -c ".\obj\template.axf" --output ".\obj\template.txt"
".\obj\template.axf" - 0 Error(s), 0 Warning(s).

<h2>Software Packages used:</h2>

Package Vendor: Nuvoton
                https://github.com/OpenNuvoton/cmsis-packs/raw/master/Nuvoton_DFP/Nuvoton.NuMicro_DFP.1.3.25.pack
                Nuvoton::NuMicro_DFP@1.3.25
                Nuvoton ARM Cortex-M NuMicro Family Device Support

<h2>Collection of Component include folders:</h2>
  C:/Users/mgokce/AppData/Local/Arm/Packs/Nuvoton/NuMicro_DFP/1.3.25_bak_0/Device/M031/Include

<h2>Collection of Component Files used:</h2>
Build Time Elapsed:  00:00:02
</pre>
</body>
</html>
